Y:/VM/stm-workspace/fall-guard-pe/Lib/Camera_Middleware/cmw_camera.c:850:26:CB_ISP_GetSensorGain	0	static
Y:/VM/stm-workspace/fall-guard-pe/Lib/Camera_Middleware/cmw_camera.c:866:26:CB_ISP_GetSensorExposure	0	static
Y:/VM/stm-workspace/fall-guard-pe/Lib/Camera_Middleware/cmw_camera.c:874:26:CB_ISP_GetSensorInfo	8	static
Y:/VM/stm-workspace/fall-guard-pe/Lib/Camera_Middleware/cmw_camera.c:836:13:CMW_CAMERA_EnablePin	0	static
Y:/VM/stm-workspace/fall-guard-pe/Lib/Camera_Middleware/cmw_camera.c:831:13:CMW_CAMERA_ShutdownPin	0	static
Y:/VM/stm-workspace/fall-guard-pe/Lib/Camera_Middleware/cmw_camera.c:155:12:CMW_CAMERA_Probe_Sensor.constprop	136	static
Y:/VM/stm-workspace/fall-guard-pe/Lib/Camera_Middleware/cmw_camera.c:781:13:CMW_CAMERA_EnableGPIOs	48	static
Y:/VM/stm-workspace/fall-guard-pe/Lib/Camera_Middleware/cmw_camera.c:96:23:CMW_CAMERA_GetDCMIPPHandle	0	static
Y:/VM/stm-workspace/fall-guard-pe/Lib/Camera_Middleware/cmw_camera.c:101:9:CMW_CAMERA_SetPipeConfig	104	static
Y:/VM/stm-workspace/fall-guard-pe/Lib/Camera_Middleware/cmw_camera.c:270:9:CMW_CAMERA_SetMirrorFlip	8	static
Y:/VM/stm-workspace/fall-guard-pe/Lib/Camera_Middleware/cmw_camera.c:296:9:CMW_CAMERA_GetMirrorFlip	0	static
Y:/VM/stm-workspace/fall-guard-pe/Lib/Camera_Middleware/cmw_camera.c:309:9:CMW_CAMERA_Start	16	static
Y:/VM/stm-workspace/fall-guard-pe/Lib/Camera_Middleware/cmw_camera.c:347:9:CMW_CAMERA_DoubleBufferStart	16	static
Y:/VM/stm-workspace/fall-guard-pe/Lib/Camera_Middleware/cmw_camera.c:386:26:MX_DCMIPP_ClockConfig	0	static
Y:/VM/stm-workspace/fall-guard-pe/Lib/Camera_Middleware/cmw_camera.c:111:9:CMW_CAMERA_GetSensorName	40	static
Y:/VM/stm-workspace/fall-guard-pe/Lib/Camera_Middleware/cmw_camera.c:397:9:CMW_CAMERA_DeInit	48	static
Y:/VM/stm-workspace/fall-guard-pe/Lib/Camera_Middleware/cmw_camera.c:449:9:CMW_CAMERA_Suspend	8	static
Y:/VM/stm-workspace/fall-guard-pe/Lib/Camera_Middleware/cmw_camera.c:468:9:CMW_CAMERA_Resume	8	static
Y:/VM/stm-workspace/fall-guard-pe/Lib/Camera_Middleware/cmw_camera.c:487:5:CMW_CAMERA_SetGain	8	static
Y:/VM/stm-workspace/fall-guard-pe/Lib/Camera_Middleware/cmw_camera.c:842:26:CB_ISP_SetSensorGain	8	static
Y:/VM/stm-workspace/fall-guard-pe/Lib/Camera_Middleware/cmw_camera.c:510:5:CMW_CAMERA_GetGain	0	static
Y:/VM/stm-workspace/fall-guard-pe/Lib/Camera_Middleware/cmw_camera.c:521:5:CMW_CAMERA_SetExposure	8	static
Y:/VM/stm-workspace/fall-guard-pe/Lib/Camera_Middleware/cmw_camera.c:858:26:CB_ISP_SetSensorExposure	8	static
Y:/VM/stm-workspace/fall-guard-pe/Lib/Camera_Middleware/cmw_camera.c:545:5:CMW_CAMERA_GetExposure	0	static
Y:/VM/stm-workspace/fall-guard-pe/Lib/Camera_Middleware/cmw_camera.c:556:9:CMW_CAMERA_SetExposureMode	8	static
Y:/VM/stm-workspace/fall-guard-pe/Lib/Camera_Middleware/cmw_camera.c:580:9:CMW_CAMERA_GetExposureMode	0	static
Y:/VM/stm-workspace/fall-guard-pe/Lib/Camera_Middleware/cmw_camera.c:591:9:CMW_CAMERA_SetTestPattern	8	static
Y:/VM/stm-workspace/fall-guard-pe/Lib/Camera_Middleware/cmw_camera.c:615:9:CMW_CAMERA_GetTestPattern	0	static
Y:/VM/stm-workspace/fall-guard-pe/Lib/Camera_Middleware/cmw_camera.c:628:9:CMW_CAMERA_GetSensorInfo	8	static
Y:/VM/stm-workspace/fall-guard-pe/Lib/Camera_Middleware/cmw_camera.c:196:9:CMW_CAMERA_Init	96	static
Y:/VM/stm-workspace/fall-guard-pe/Lib/Camera_Middleware/cmw_camera.c:649:9:CMW_CAMERA_Run	0	static
Y:/VM/stm-workspace/fall-guard-pe/Lib/Camera_Middleware/cmw_camera.c:663:12:CMW_CAMERA_PIPE_VsyncEventCallback	0	static
Y:/VM/stm-workspace/fall-guard-pe/Lib/Camera_Middleware/cmw_camera.c:675:12:CMW_CAMERA_PIPE_FrameEventCallback	0	static
Y:/VM/stm-workspace/fall-guard-pe/Lib/Camera_Middleware/cmw_camera.c:688:6:HAL_DCMIPP_PIPE_VsyncEventCallback	8	static
Y:/VM/stm-workspace/fall-guard-pe/Lib/Camera_Middleware/cmw_camera.c:704:6:HAL_DCMIPP_PIPE_FrameEventCallback	8	static
Y:/VM/stm-workspace/fall-guard-pe/Lib/Camera_Middleware/cmw_camera.c:719:6:HAL_DCMIPP_MspInit	32	static
Y:/VM/stm-workspace/fall-guard-pe/Lib/Camera_Middleware/cmw_camera.c:754:6:HAL_DCMIPP_MspDeInit	16	static
