Y:/VM/stm-workspace/fall-guard-pe/Lib/lib_vision_models_pp/lib_vision_models_pp/Src/mpe_pp_yolov8.c:19:9:mpe_yolov8_nms_comparator	8	static
Y:/VM/stm-workspace/fall-guard-pe/Lib/lib_vision_models_pp/lib_vision_models_pp/Src/mpe_pp_yolov8.c:54:9:mpe_yolo_pp_nmsFiltering_centroid	48	static
Y:/VM/stm-workspace/fall-guard-pe/Lib/lib_vision_models_pp/lib_vision_models_pp/Src/mpe_pp_yolov8.c:116:9:mpe_yolo_pp_scoreFiltering_centroid	48	static
Y:/VM/stm-workspace/fall-guard-pe/Lib/lib_vision_models_pp/lib_vision_models_pp/Src/mpe_pp_yolov8.c:193:9:mpe_yolo_pp_getNNBoxes_centroid	80	static
Y:/VM/stm-workspace/fall-guard-pe/Lib/lib_vision_models_pp/lib_vision_models_pp/Src/mpe_pp_yolov8.c:237:9:mpe_yolov8_pp_reset	0	static
Y:/VM/stm-workspace/fall-guard-pe/Lib/lib_vision_models_pp/lib_vision_models_pp/Src/mpe_pp_yolov8.c:246:9:mpe_yolov8_pp_process	16	static
