Y:/VM/stm-workspace/fall-guard-pe/Lib/lib_vision_models_pp/lib_vision_models_pp/Src/od_pp_yolov8.c:19:9:yolov8_nms_comparator	8	static
Y:/VM/stm-workspace/fall-guard-pe/Lib/lib_vision_models_pp/lib_vision_models_pp/Src/od_pp_yolov8.c:54:9:yolov8_pp_nmsFiltering_centroid	48	static
Y:/VM/stm-workspace/fall-guard-pe/Lib/lib_vision_models_pp/lib_vision_models_pp/Src/od_pp_yolov8.c:116:9:yolov8_pp_scoreFiltering_centroid	20	static
Y:/VM/stm-workspace/fall-guard-pe/Lib/lib_vision_models_pp/lib_vision_models_pp/Src/od_pp_yolov8.c:140:9:yolov8_pp_getNNBoxes_centroid	104	static
Y:/VM/stm-workspace/fall-guard-pe/Lib/lib_vision_models_pp/lib_vision_models_pp/Src/od_pp_yolov8.c:218:9:yolov8_pp_getNNBoxes_centroid_int8	120	static
Y:/VM/stm-workspace/fall-guard-pe/Lib/lib_vision_models_pp/lib_vision_models_pp/Src/od_pp_yolov8.c:343:9:od_yolov8_pp_reset	0	static
Y:/VM/stm-workspace/fall-guard-pe/Lib/lib_vision_models_pp/lib_vision_models_pp/Src/od_pp_yolov8.c:352:9:od_yolov8_pp_process	16	static
Y:/VM/stm-workspace/fall-guard-pe/Lib/lib_vision_models_pp/lib_vision_models_pp/Src/od_pp_yolov8.c:377:9:od_yolov8_pp_process_int8	16	static
