Y:/VM/stm-workspace/fall-guard-pe/Lib/lib_vision_models_pp/lib_vision_models_pp/Src/od_pp_yolov5.c:19:9:yolov5_nms_comparator	8	static
Y:/VM/stm-workspace/fall-guard-pe/Lib/lib_vision_models_pp/lib_vision_models_pp/Src/od_pp_yolov5.c:54:9:yolov5_pp_nmsFiltering_centroid	48	static
Y:/VM/stm-workspace/fall-guard-pe/Lib/lib_vision_models_pp/lib_vision_models_pp/Src/od_pp_yolov5.c:116:9:yolov5_pp_scoreFiltering_centroid	20	static
Y:/VM/stm-workspace/fall-guard-pe/Lib/lib_vision_models_pp/lib_vision_models_pp/Src/od_pp_yolov5.c:140:9:yolov5_pp_getNNBoxes_centroid	48	static
Y:/VM/stm-workspace/fall-guard-pe/Lib/lib_vision_models_pp/lib_vision_models_pp/Src/od_pp_yolov5.c:183:9:yolov5_pp_getNNBoxes_centroid_uint8	64	static
Y:/VM/stm-workspace/fall-guard-pe/Lib/lib_vision_models_pp/lib_vision_models_pp/Src/od_pp_yolov5.c:237:9:od_yolov5_pp_reset	0	static
Y:/VM/stm-workspace/fall-guard-pe/Lib/lib_vision_models_pp/lib_vision_models_pp/Src/od_pp_yolov5.c:246:9:od_yolov5_pp_process	16	static
Y:/VM/stm-workspace/fall-guard-pe/Lib/lib_vision_models_pp/lib_vision_models_pp/Src/od_pp_yolov5.c:271:9:od_yolov5_pp_process_uint8	16	static
