Y:/VM/stm-workspace/fall-guard-pe/Lib/lib_vision_models_pp/lib_vision_models_pp/Src/vision_models_pp.c:16:6:vision_models_maxi_if32ou32	36	static
Y:/VM/stm-workspace/fall-guard-pe/Lib/lib_vision_models_pp/lib_vision_models_pp/Src/vision_models_pp.c:59:6:vision_models_maxi_p_if32ou16	52	static
Y:/VM/stm-workspace/fall-guard-pe/Lib/lib_vision_models_pp/lib_vision_models_pp/Src/vision_models_pp.c:89:6:vision_models_maxi_p_if32ou8	52	static
Y:/VM/stm-workspace/fall-guard-pe/Lib/lib_vision_models_pp/lib_vision_models_pp/Src/vision_models_pp.c:119:6:vision_models_maxi_tr_if32ou32	52	static
Y:/VM/stm-workspace/fall-guard-pe/Lib/lib_vision_models_pp/lib_vision_models_pp/Src/vision_models_pp.c:269:6:vision_models_maxi_iu8ou8	28	static
Y:/VM/stm-workspace/fall-guard-pe/Lib/lib_vision_models_pp/lib_vision_models_pp/Src/vision_models_pp.c:309:6:vision_models_maxi_iu8ou16	68	static
Y:/VM/stm-workspace/fall-guard-pe/Lib/lib_vision_models_pp/lib_vision_models_pp/Src/vision_models_pp.c:453:6:vision_models_maxi_p_iu8ou16	52	static
Y:/VM/stm-workspace/fall-guard-pe/Lib/lib_vision_models_pp/lib_vision_models_pp/Src/vision_models_pp.c:363:6:vision_models_maxi_p_iu8ou8	104	static
Y:/VM/stm-workspace/fall-guard-pe/Lib/lib_vision_models_pp/lib_vision_models_pp/Src/vision_models_pp.c:482:6:vision_models_maxi_p_is8ou16	52	static
Y:/VM/stm-workspace/fall-guard-pe/Lib/lib_vision_models_pp/lib_vision_models_pp/Src/vision_models_pp.c:408:6:vision_models_maxi_p_is8ou8	104	static
Y:/VM/stm-workspace/fall-guard-pe/Lib/lib_vision_models_pp/lib_vision_models_pp/Src/vision_models_pp.c:677:6:vision_models_maxi_tr_p_if32ou32	32	static
Y:/VM/stm-workspace/fall-guard-pe/Lib/lib_vision_models_pp/lib_vision_models_pp/Src/vision_models_pp.c:727:6:vision_models_maxi_tr_p_is8ou16	88	static
Y:/VM/stm-workspace/fall-guard-pe/Lib/lib_vision_models_pp/lib_vision_models_pp/Src/vision_models_pp.c:783:6:vision_models_maxi_tr_p_is8ou8	32	static
Y:/VM/stm-workspace/fall-guard-pe/Lib/lib_vision_models_pp/lib_vision_models_pp/Src/vision_models_pp.c:851:6:vision_models_maxi_tr_is8ou8	20	static
Y:/VM/stm-workspace/fall-guard-pe/Lib/lib_vision_models_pp/lib_vision_models_pp/Src/vision_models_pp.c:865:6:vision_models_maxi_tr_is8ou16	20	static
Y:/VM/stm-workspace/fall-guard-pe/Lib/lib_vision_models_pp/lib_vision_models_pp/Src/vision_models_pp.c:880:11:vision_models_sigmoid_f	8	static
Y:/VM/stm-workspace/fall-guard-pe/Lib/lib_vision_models_pp/lib_vision_models_pp/Src/vision_models_pp.c:886:6:vision_models_softmax_f	40	static
Y:/VM/stm-workspace/fall-guard-pe/Lib/lib_vision_models_pp/lib_vision_models_pp/Src/vision_models_pp.c:906:11:overlap	0	static
Y:/VM/stm-workspace/fall-guard-pe/Lib/lib_vision_models_pp/lib_vision_models_pp/Src/vision_models_pp.c:918:11:box_intersection	8	static
Y:/VM/stm-workspace/fall-guard-pe/Lib/lib_vision_models_pp/lib_vision_models_pp/Src/vision_models_pp.c:928:11:box_union	8	static
Y:/VM/stm-workspace/fall-guard-pe/Lib/lib_vision_models_pp/lib_vision_models_pp/Src/vision_models_pp.c:936:11:vision_models_box_iou	8	static
Y:/VM/stm-workspace/fall-guard-pe/Lib/lib_vision_models_pp/lib_vision_models_pp/Src/vision_models_pp.c:948:9:twice_overlap_int	12	static
Y:/VM/stm-workspace/fall-guard-pe/Lib/lib_vision_models_pp/lib_vision_models_pp/Src/vision_models_pp.c:960:9:box_intersection_is8	16	static
Y:/VM/stm-workspace/fall-guard-pe/Lib/lib_vision_models_pp/lib_vision_models_pp/Src/vision_models_pp.c:970:9:box_union_is8	16	static
Y:/VM/stm-workspace/fall-guard-pe/Lib/lib_vision_models_pp/lib_vision_models_pp/Src/vision_models_pp.c:978:11:vision_models_box_iou_is8	40	static
Y:/VM/stm-workspace/fall-guard-pe/Lib/lib_vision_models_pp/lib_vision_models_pp/Src/vision_models_pp.c:991:6:transpose_flattened_2D	24	static
Y:/VM/stm-workspace/fall-guard-pe/Lib/lib_vision_models_pp/lib_vision_models_pp/Src/vision_models_pp.c:1012:6:dequantize	12	static
