../../Lib/AI_Runtime/Npu/ll_aton/ll_aton_caches_interface.h:159:22:LL_ATON_Cache_NPU_Clean_Invalidate_Range	16	static
Y:/VM/stm-workspace/fall-guard-pe/Model/network.c:2020:13:_ec_blob_cache_start_func_142	0	static
Y:/VM/stm-workspace/fall-guard-pe/Model/network.c:1887:13:_ec_blob_cache_start_func_137	8	static
Y:/VM/stm-workspace/fall-guard-pe/Model/network.c:1648:13:_ec_blob_cache_start_func_134	8	static
Y:/VM/stm-workspace/fall-guard-pe/Model/network.c:1565:13:_ec_blob_cache_start_func_132	0	static
Y:/VM/stm-workspace/fall-guard-pe/Model/network.c:1432:13:_ec_blob_cache_start_func_129	8	static
Y:/VM/stm-workspace/fall-guard-pe/Model/network.c:1181:13:_ec_blob_cache_start_func_112	0	static
Y:/VM/stm-workspace/fall-guard-pe/Model/network.c:1042:13:_ec_blob_cache_start_func_104	0	static
Y:/VM/stm-workspace/fall-guard-pe/Model/network.c:903:13:_ec_blob_cache_start_func_95	0	static
Y:/VM/stm-workspace/fall-guard-pe/Model/network.c:764:13:_ec_blob_cache_start_func_85	0	static
Y:/VM/stm-workspace/fall-guard-pe/Model/network.c:625:13:_ec_blob_cache_start_func_72	0	static
Y:/VM/stm-workspace/fall-guard-pe/Model/network.c:384:13:_ec_blob_cache_start_func_62	8	static
Y:/VM/stm-workspace/fall-guard-pe/Model/network.c:137:13:_ec_blob_cache_start_func_1	8	static
Y:/VM/stm-workspace/fall-guard-pe/Model/network.c:2212:13:LL_ATON_End_EpochBlock_146	200	static
Y:/VM/stm-workspace/fall-guard-pe/Model/network.c:2034:13:LL_ATON_End_EpochBlock_145	24	static
Y:/VM/stm-workspace/fall-guard-pe/Model/network.c:1762:13:LL_ATON_End_EpochBlock_136	24	static
Y:/VM/stm-workspace/fall-guard-pe/Model/network.c:1195:13:LL_ATON_End_EpochBlock_126	24	static
Y:/VM/stm-workspace/fall-guard-pe/Model/network.c:1056:13:LL_ATON_End_EpochBlock_111	24	static
Y:/VM/stm-workspace/fall-guard-pe/Model/network.c:917:13:LL_ATON_End_EpochBlock_103	24	static
Y:/VM/stm-workspace/fall-guard-pe/Model/network.c:778:13:LL_ATON_End_EpochBlock_94	24	static
Y:/VM/stm-workspace/fall-guard-pe/Model/network.c:639:13:LL_ATON_End_EpochBlock_84	24	static
Y:/VM/stm-workspace/fall-guard-pe/Model/network.c:500:13:LL_ATON_End_EpochBlock_71	24	static
Y:/VM/stm-workspace/fall-guard-pe/Model/network.c:259:13:LL_ATON_End_EpochBlock_61	24	static
Y:/VM/stm-workspace/fall-guard-pe/Model/network.c:1963:13:LL_ATON_End_EpochBlock_141	40	static
Y:/VM/stm-workspace/fall-guard-pe/Model/network.c:1907:13:LL_ATON_End_EpochBlock_140	40	static
Y:/VM/stm-workspace/fall-guard-pe/Model/network.c:1508:13:LL_ATON_End_EpochBlock_131	40	static
Y:/VM/stm-workspace/fall-guard-pe/Model/network.c:1452:13:LL_ATON_End_EpochBlock_130	40	static
Y:/VM/stm-workspace/fall-guard-pe/Model/network.c:1375:13:LL_ATON_End_EpochBlock_128	40	static
Y:/VM/stm-workspace/fall-guard-pe/Model/network.c:1319:13:LL_ATON_End_EpochBlock_127	40	static
Y:/VM/stm-workspace/fall-guard-pe/Model/network.c:1668:13:LL_ATON_End_EpochBlock_135	352	static
Y:/VM/stm-workspace/fall-guard-pe/Model/network.c:1579:13:LL_ATON_End_EpochBlock_133	32	static
Y:/VM/stm-workspace/fall-guard-pe/Model/network.c:404:13:LL_ATON_End_EpochBlock_70	32	static
Y:/VM/stm-workspace/fall-guard-pe/Model/network.c:163:13:LL_ATON_End_EpochBlock_60	32	static
Y:/VM/stm-workspace/fall-guard-pe/Model/network.c:2270:13:_ec_blob_cache_start_func_147	0	static
Y:/VM/stm-workspace/fall-guard-pe/Model/network.c:80:26:LL_ATON_Set_User_Input_Buffer_Default	0	static
Y:/VM/stm-workspace/fall-guard-pe/Model/network.c:95:7:LL_ATON_Get_User_Input_Buffer_Default	0	static
Y:/VM/stm-workspace/fall-guard-pe/Model/network.c:105:26:LL_ATON_Set_User_Output_Buffer_Default	0	static
Y:/VM/stm-workspace/fall-guard-pe/Model/network.c:120:7:LL_ATON_Get_User_Output_Buffer_Default	0	static
Y:/VM/stm-workspace/fall-guard-pe/Model/network_ecblobs.h:8573:6:LL_ATON_EC_Network_Init_Default	16	static
Y:/VM/stm-workspace/fall-guard-pe/Model/network_ecblobs.h:8610:6:LL_ATON_EC_Inference_Init_Default	16	static
Y:/VM/stm-workspace/fall-guard-pe/Model/network.c:2284:31:LL_ATON_EpochBlockItems_Default	0	static
Y:/VM/stm-workspace/fall-guard-pe/Model/network.c:2719:30:LL_ATON_Input_Buffers_Info_Default	0	static
Y:/VM/stm-workspace/fall-guard-pe/Model/network.c:5051:30:LL_ATON_Output_Buffers_Info_Default	0	static
Y:/VM/stm-workspace/fall-guard-pe/Model/network.c:5085:30:LL_ATON_Internal_Buffers_Info_Default	0	static
