Y:/VM/stm-workspace/fall-guard-pe/STM32Cube_FW_N6/Middlewares/ST/threadx/utility/execution_profile_kit/tx_execution_profile.c:143:7:_tx_execution_initialize	0	static
Y:/VM/stm-workspace/fall-guard-pe/STM32Cube_FW_N6/Middlewares/ST/threadx/utility/execution_profile_kit/tx_execution_profile.c:193:7:_tx_execution_thread_enter	12	static
Y:/VM/stm-workspace/fall-guard-pe/STM32Cube_FW_N6/Middlewares/ST/threadx/utility/execution_profile_kit/tx_execution_profile.c:298:7:_tx_execution_thread_exit	8	static
Y:/VM/stm-workspace/fall-guard-pe/STM32Cube_FW_N6/Middlewares/ST/threadx/utility/execution_profile_kit/tx_execution_profile.c:426:7:_tx_execution_isr_enter	20	static,ignoring_inline_asm
Y:/VM/stm-workspace/fall-guard-pe/STM32Cube_FW_N6/Middlewares/ST/threadx/utility/execution_profile_kit/tx_execution_profile.c:604:7:_tx_execution_isr_exit	16	static,ignoring_inline_asm
Y:/VM/stm-workspace/fall-guard-pe/STM32Cube_FW_N6/Middlewares/ST/threadx/utility/execution_profile_kit/tx_execution_profile.c:731:7:_tx_execution_thread_time_reset	0	static
Y:/VM/stm-workspace/fall-guard-pe/STM32Cube_FW_N6/Middlewares/ST/threadx/utility/execution_profile_kit/tx_execution_profile.c:779:7:_tx_execution_thread_total_time_reset	8	static,ignoring_inline_asm
Y:/VM/stm-workspace/fall-guard-pe/STM32Cube_FW_N6/Middlewares/ST/threadx/utility/execution_profile_kit/tx_execution_profile.c:848:7:_tx_execution_isr_time_reset	0	static
Y:/VM/stm-workspace/fall-guard-pe/STM32Cube_FW_N6/Middlewares/ST/threadx/utility/execution_profile_kit/tx_execution_profile.c:896:7:_tx_execution_idle_time_reset	0	static
Y:/VM/stm-workspace/fall-guard-pe/STM32Cube_FW_N6/Middlewares/ST/threadx/utility/execution_profile_kit/tx_execution_profile.c:945:7:_tx_execution_thread_time_get	0	static
Y:/VM/stm-workspace/fall-guard-pe/STM32Cube_FW_N6/Middlewares/ST/threadx/utility/execution_profile_kit/tx_execution_profile.c:993:7:_tx_execution_thread_total_time_get	0	static
Y:/VM/stm-workspace/fall-guard-pe/STM32Cube_FW_N6/Middlewares/ST/threadx/utility/execution_profile_kit/tx_execution_profile.c:1041:7:_tx_execution_isr_time_get	0	static
Y:/VM/stm-workspace/fall-guard-pe/STM32Cube_FW_N6/Middlewares/ST/threadx/utility/execution_profile_kit/tx_execution_profile.c:1089:7:_tx_execution_idle_time_get	0	static
