Y:/VM/stm-workspace/fall-guard-pe/Lib/AI_Runtime/Npu/ll_aton/ecloader.c:122:6:ec_copy_program	16	static
Y:/VM/stm-workspace/fall-guard-pe/Lib/AI_Runtime/Npu/ll_aton/ecloader.c:240:6:ec_copy_reloc_table	16	static
Y:/VM/stm-workspace/fall-guard-pe/Lib/AI_Runtime/Npu/ll_aton/ecloader.c:325:20:ec_get_reloc_table_ptr	8	static
Y:/VM/stm-workspace/fall-guard-pe/Lib/AI_Runtime/Npu/ll_aton/ecloader.c:360:14:ec_get_num_relocs	0	static
Y:/VM/stm-workspace/fall-guard-pe/Lib/AI_Runtime/Npu/ll_aton/ecloader.c:382:13:ec_get_reloc_id	0	static
Y:/VM/stm-workspace/fall-guard-pe/Lib/AI_Runtime/Npu/ll_aton/ecloader.c:422:6:ec_reloc	24	static
Y:/VM/stm-workspace/fall-guard-pe/Lib/AI_Runtime/Npu/ll_aton/ecloader.c:487:6:ec_reloc_by_id	48	static
