Y:/VM/stm-workspace/fall-guard-pe/Lib/AI_Runtime/Npu/ll_aton/ll_aton_osal_threadx.h:85:22:_my_disable_preemption	0	static,ignoring_inline_asm
Y:/VM/stm-workspace/fall-guard-pe/Lib/AI_Runtime/Npu/ll_aton/ll_aton_osal_threadx.h:140:22:_my_tx_thread_priority_get	40	static
Y:/VM/stm-workspace/fall-guard-pe/Lib/AI_Runtime/Npu/ll_aton/ll_aton_osal_threadx.h:148:22:_my_tx_thread_priority_change	16	static
Y:/VM/stm-workspace/fall-guard-pe/Lib/AI_Runtime/Npu/ll_aton/ll_aton_osal_threadx.h:102:22:_my_enable_preemption	8	static,ignoring_inline_asm
Y:/VM/stm-workspace/fall-guard-pe/Lib/AI_Runtime/Npu/ll_aton/ll_aton_osal_rtos_template.c:52:6:aton_osal_threadx_init	8	static
Y:/VM/stm-workspace/fall-guard-pe/Lib/AI_Runtime/Npu/ll_aton/ll_aton_osal_rtos_template.c:86:6:aton_osal_threadx_deinit	8	static
Y:/VM/stm-workspace/fall-guard-pe/Lib/AI_Runtime/Npu/ll_aton/ll_aton_osal_rtos_template.c:95:6:aton_osal_threadx_dao_lock	32	static
Y:/VM/stm-workspace/fall-guard-pe/Lib/AI_Runtime/Npu/ll_aton/ll_aton_osal_rtos_template.c:164:6:aton_osal_threadx_dao_unlock	32	static
Y:/VM/stm-workspace/fall-guard-pe/Lib/AI_Runtime/Npu/ll_aton/ll_aton_osal_rtos_template.c:221:6:aton_osal_threadx_lock	8	static
Y:/VM/stm-workspace/fall-guard-pe/Lib/AI_Runtime/Npu/ll_aton/ll_aton_osal_rtos_template.c:233:6:aton_osal_threadx_unlock	8	static
Y:/VM/stm-workspace/fall-guard-pe/Lib/AI_Runtime/Npu/ll_aton/ll_aton_osal_rtos_template.c:272:6:aton_osal_threadx_wfe	8	static
Y:/VM/stm-workspace/fall-guard-pe/Lib/AI_Runtime/Npu/ll_aton/ll_aton_osal_rtos_template.c:287:6:aton_osal_threadx_signal_event	8	static,ignoring_inline_asm
