Y:/VM/stm-workspace/STM32CubeN6/Middlewares/ST/netxduo/common/src/nx_link.c:75:6:nx_link_vlan_set	24	static
Y:/VM/stm-workspace/STM32CubeN6/Middlewares/ST/netxduo/common/src/nx_link.c:144:6:nx_link_vlan_get	24	static
Y:/VM/stm-workspace/STM32CubeN6/Middlewares/ST/netxduo/common/src/nx_link.c:213:6:nx_link_vlan_clear	16	static
Y:/VM/stm-workspace/STM32CubeN6/Middlewares/ST/netxduo/common/src/nx_link.c:281:6:nx_link_multicast_join	64	static
Y:/VM/stm-workspace/STM32CubeN6/Middlewares/ST/netxduo/common/src/nx_link.c:359:6:nx_link_multicast_leave	64	static
Y:/VM/stm-workspace/STM32CubeN6/Middlewares/ST/netxduo/common/src/nx_link.c:523:6:nx_link_raw_packet_send	56	static
Y:/VM/stm-workspace/STM32CubeN6/Middlewares/ST/netxduo/common/src/nx_link.c:607:6:nx_link_packet_receive_callback_add	32	static
Y:/VM/stm-workspace/STM32CubeN6/Middlewares/ST/netxduo/common/src/nx_link.c:696:6:nx_link_packet_receive_callback_remove	16	static
Y:/VM/stm-workspace/STM32CubeN6/Middlewares/ST/netxduo/common/src/nx_link.c:787:6:nx_link_ethernet_header_parse	20	static
Y:/VM/stm-workspace/STM32CubeN6/Middlewares/ST/netxduo/common/src/nx_link.c:907:6:nx_link_ethernet_header_add	12	static
Y:/VM/stm-workspace/STM32CubeN6/Middlewares/ST/netxduo/common/src/nx_link.c:442:6:nx_link_ethernet_packet_send	40	static
Y:/VM/stm-workspace/STM32CubeN6/Middlewares/ST/netxduo/common/src/nx_link.c:1021:6:nx_link_packet_transmitted	16	static
Y:/VM/stm-workspace/STM32CubeN6/Middlewares/ST/netxduo/common/src/nx_link.c:1110:6:nx_link_ethernet_packet_received	96	static
Y:/VM/stm-workspace/STM32CubeN6/Middlewares/ST/netxduo/common/src/nx_link.c:1380:6:nx_link_vlan_interface_create	32	static
Y:/VM/stm-workspace/STM32CubeN6/Middlewares/ST/netxduo/common/src/nx_link.c:1509:6:nx_link_driver_request_preprocess	0	static
Y:/VM/stm-workspace/STM32CubeN6/Middlewares/ST/netxduo/common/src/nx_link.c:1630:6:nx_link_vlan_interface_status_change	16	static
