Y:/VM/stm-workspace/fall-guard-pe/STM32Cube_FW_N6/Drivers/STM32N6xx_HAL_Driver/Src/stm32n6xx_hal_eth_ex.c:140:6:HAL_ETHEx_EnableARPOffload	0	static
Y:/VM/stm-workspace/fall-guard-pe/STM32Cube_FW_N6/Drivers/STM32N6xx_HAL_Driver/Src/stm32n6xx_hal_eth_ex.c:151:6:HAL_ETHEx_DisableARPOffload	0	static
Y:/VM/stm-workspace/fall-guard-pe/STM32Cube_FW_N6/Drivers/STM32N6xx_HAL_Driver/Src/stm32n6xx_hal_eth_ex.c:163:6:HAL_ETHEx_SetARPAddressMatch	0	static
Y:/VM/stm-workspace/fall-guard-pe/STM32Cube_FW_N6/Drivers/STM32N6xx_HAL_Driver/Src/stm32n6xx_hal_eth_ex.c:181:19:HAL_ETHEx_SetL4FilterConfig	16	static
Y:/VM/stm-workspace/fall-guard-pe/STM32Cube_FW_N6/Drivers/STM32N6xx_HAL_Driver/Src/stm32n6xx_hal_eth_ex.c:230:19:HAL_ETHEx_GetL4FilterConfig	0	static
Y:/VM/stm-workspace/fall-guard-pe/STM32Cube_FW_N6/Drivers/STM32N6xx_HAL_Driver/Src/stm32n6xx_hal_eth_ex.c:281:19:HAL_ETHEx_SetL3FilterConfig	20	static
Y:/VM/stm-workspace/fall-guard-pe/STM32Cube_FW_N6/Drivers/STM32N6xx_HAL_Driver/Src/stm32n6xx_hal_eth_ex.c:375:19:HAL_ETHEx_GetL3FilterConfig	12	static
Y:/VM/stm-workspace/fall-guard-pe/STM32Cube_FW_N6/Drivers/STM32N6xx_HAL_Driver/Src/stm32n6xx_hal_eth_ex.c:433:6:HAL_ETHEx_EnableL3L4Filtering	0	static
Y:/VM/stm-workspace/fall-guard-pe/STM32Cube_FW_N6/Drivers/STM32N6xx_HAL_Driver/Src/stm32n6xx_hal_eth_ex.c:445:6:HAL_ETHEx_DisableL3L4Filtering	0	static
Y:/VM/stm-workspace/fall-guard-pe/STM32Cube_FW_N6/Drivers/STM32N6xx_HAL_Driver/Src/stm32n6xx_hal_eth_ex.c:459:19:HAL_ETHEx_GetRxVLANConfig	0	static
Y:/VM/stm-workspace/fall-guard-pe/STM32Cube_FW_N6/Drivers/STM32N6xx_HAL_Driver/Src/stm32n6xx_hal_eth_ex.c:504:19:HAL_ETHEx_SetRxVLANConfig	24	static
Y:/VM/stm-workspace/fall-guard-pe/STM32Cube_FW_N6/Drivers/STM32N6xx_HAL_Driver/Src/stm32n6xx_hal_eth_ex.c:540:6:HAL_ETHEx_SetVLANHashTable	0	static
Y:/VM/stm-workspace/fall-guard-pe/STM32Cube_FW_N6/Drivers/STM32N6xx_HAL_Driver/Src/stm32n6xx_hal_eth_ex.c:556:19:HAL_ETHEx_GetTxVLANConfig	0	static
Y:/VM/stm-workspace/fall-guard-pe/STM32Cube_FW_N6/Drivers/STM32N6xx_HAL_Driver/Src/stm32n6xx_hal_eth_ex.c:591:19:HAL_ETHEx_SetTxVLANConfig	8	static
Y:/VM/stm-workspace/fall-guard-pe/STM32Cube_FW_N6/Drivers/STM32N6xx_HAL_Driver/Src/stm32n6xx_hal_eth_ex.c:622:6:HAL_ETHEx_SetTxVLANIdentifier	0	static
Y:/VM/stm-workspace/fall-guard-pe/STM32Cube_FW_N6/Drivers/STM32N6xx_HAL_Driver/Src/stm32n6xx_hal_eth_ex.c:640:6:HAL_ETHEx_EnableVLANProcessing	0	static
Y:/VM/stm-workspace/fall-guard-pe/STM32Cube_FW_N6/Drivers/STM32N6xx_HAL_Driver/Src/stm32n6xx_hal_eth_ex.c:652:6:HAL_ETHEx_DisableVLANProcessing	0	static
Y:/VM/stm-workspace/fall-guard-pe/STM32Cube_FW_N6/Drivers/STM32N6xx_HAL_Driver/Src/stm32n6xx_hal_eth_ex.c:666:6:HAL_ETHEx_EnterLPIMode	0	static
Y:/VM/stm-workspace/fall-guard-pe/STM32Cube_FW_N6/Drivers/STM32N6xx_HAL_Driver/Src/stm32n6xx_hal_eth_ex.c:684:6:HAL_ETHEx_ExitLPIMode	0	static
Y:/VM/stm-workspace/fall-guard-pe/STM32Cube_FW_N6/Drivers/STM32N6xx_HAL_Driver/Src/stm32n6xx_hal_eth_ex.c:699:10:HAL_ETHEx_GetMACLPIEvent	0	static
Y:/VM/stm-workspace/fall-guard-pe/STM32Cube_FW_N6/Drivers/STM32N6xx_HAL_Driver/Src/stm32n6xx_hal_eth_ex.c:710:10:HAL_ETHEx_GetRxDMAChNumber	0	static
Y:/VM/stm-workspace/fall-guard-pe/STM32Cube_FW_N6/Drivers/STM32N6xx_HAL_Driver/Src/stm32n6xx_hal_eth_ex.c:723:10:HAL_ETHEx_GetTxDMAChNumber	0	static
Y:/VM/stm-workspace/fall-guard-pe/STM32Cube_FW_N6/Drivers/STM32N6xx_HAL_Driver/Src/stm32n6xx_hal_eth_ex.c:736:10:HAL_ETHEx_GetRxMTLQNumber	0	static
Y:/VM/stm-workspace/fall-guard-pe/STM32Cube_FW_N6/Drivers/STM32N6xx_HAL_Driver/Src/stm32n6xx_hal_eth_ex.c:749:10:HAL_ETHEx_GetTxMTLQNumber	0	static
Y:/VM/stm-workspace/fall-guard-pe/STM32Cube_FW_N6/Drivers/STM32N6xx_HAL_Driver/Src/stm32n6xx_hal_eth_ex.c:764:19:HAL_ETHEx_GetMTLConfig	12	static
Y:/VM/stm-workspace/fall-guard-pe/STM32Cube_FW_N6/Drivers/STM32N6xx_HAL_Driver/Src/stm32n6xx_hal_eth_ex.c:949:6:ETHEx_SetMTLConfig	20	static
Y:/VM/stm-workspace/fall-guard-pe/STM32Cube_FW_N6/Drivers/STM32N6xx_HAL_Driver/Src/stm32n6xx_hal_eth_ex.c:1015:19:HAL_ETHEx_SetMTLConfig	8	static
Y:/VM/stm-workspace/fall-guard-pe/STM32Cube_FW_N6/Drivers/STM32N6xx_HAL_Driver/Src/stm32n6xx_hal_eth_ex.c:1042:19:HAL_ETHEx_GetUserTagPriorityQueue	0	static
Y:/VM/stm-workspace/fall-guard-pe/STM32Cube_FW_N6/Drivers/STM32N6xx_HAL_Driver/Src/stm32n6xx_hal_eth_ex.c:828:19:HAL_ETHEx_GetMACMTLMappingConfig	8	static
Y:/VM/stm-workspace/fall-guard-pe/STM32Cube_FW_N6/Drivers/STM32N6xx_HAL_Driver/Src/stm32n6xx_hal_eth_ex.c:1072:19:HAL_ETHEx_SetUserTagPriorityQueue	24	static
Y:/VM/stm-workspace/fall-guard-pe/STM32Cube_FW_N6/Drivers/STM32N6xx_HAL_Driver/Src/stm32n6xx_hal_eth_ex.c:873:19:ETHEx_SetMACMTLMappingConfig	16	static
Y:/VM/stm-workspace/fall-guard-pe/STM32Cube_FW_N6/Drivers/STM32N6xx_HAL_Driver/Src/stm32n6xx_hal_eth_ex.c:926:19:HAL_ETHEx_SetMACMTLMappingConfig	8	static
Y:/VM/stm-workspace/fall-guard-pe/STM32Cube_FW_N6/Drivers/STM32N6xx_HAL_Driver/Src/stm32n6xx_hal_eth_ex.c:1113:19:HAL_ETHEx_SetPacketTypeQueue	16	static
Y:/VM/stm-workspace/fall-guard-pe/STM32Cube_FW_N6/Drivers/STM32N6xx_HAL_Driver/Src/stm32n6xx_hal_eth_ex.c:1170:19:HAL_ETHEx_GetPacketTypeQueue	16	static
