Y:/VM/stm-workspace/fall-guard-pe/STM32Cube_FW_N6/Drivers/STM32N6xx_HAL_Driver/Src/stm32n6xx_hal_rtc_ex.c:234:19:HAL_RTCEx_SetTimeStamp	0	static
Y:/VM/stm-workspace/fall-guard-pe/STM32Cube_FW_N6/Drivers/STM32N6xx_HAL_Driver/Src/stm32n6xx_hal_rtc_ex.c:281:19:HAL_RTCEx_SetTimeStamp_IT	0	static
Y:/VM/stm-workspace/fall-guard-pe/STM32Cube_FW_N6/Drivers/STM32N6xx_HAL_Driver/Src/stm32n6xx_hal_rtc_ex.c:317:19:HAL_RTCEx_DeactivateTimeStamp	0	static
Y:/VM/stm-workspace/fall-guard-pe/STM32Cube_FW_N6/Drivers/STM32N6xx_HAL_Driver/Src/stm32n6xx_hal_rtc_ex.c:343:19:HAL_RTCEx_SetInternalTimeStamp	0	static
Y:/VM/stm-workspace/fall-guard-pe/STM32Cube_FW_N6/Drivers/STM32N6xx_HAL_Driver/Src/stm32n6xx_hal_rtc_ex.c:368:19:HAL_RTCEx_DeactivateInternalTimeStamp	0	static
Y:/VM/stm-workspace/fall-guard-pe/STM32Cube_FW_N6/Drivers/STM32N6xx_HAL_Driver/Src/stm32n6xx_hal_rtc_ex.c:398:19:HAL_RTCEx_GetTimeStamp	24	static
Y:/VM/stm-workspace/fall-guard-pe/STM32Cube_FW_N6/Drivers/STM32N6xx_HAL_Driver/Src/stm32n6xx_hal_rtc_ex.c:495:13:HAL_RTCEx_TimeStampEventCallback	0	static
Y:/VM/stm-workspace/fall-guard-pe/STM32Cube_FW_N6/Drivers/STM32N6xx_HAL_Driver/Src/stm32n6xx_hal_rtc_ex.c:465:6:HAL_RTCEx_TimeStampIRQHandler	16	static
Y:/VM/stm-workspace/fall-guard-pe/STM32Cube_FW_N6/Drivers/STM32N6xx_HAL_Driver/Src/stm32n6xx_hal_rtc_ex.c:511:19:HAL_RTCEx_PollForTimeStampEvent	16	static
Y:/VM/stm-workspace/fall-guard-pe/STM32Cube_FW_N6/Drivers/STM32N6xx_HAL_Driver/Src/stm32n6xx_hal_rtc_ex.c:565:19:HAL_RTCEx_SetWakeUpTimer	24	static
Y:/VM/stm-workspace/fall-guard-pe/STM32Cube_FW_N6/Drivers/STM32N6xx_HAL_Driver/Src/stm32n6xx_hal_rtc_ex.c:642:19:HAL_RTCEx_SetWakeUpTimer_IT	32	static
Y:/VM/stm-workspace/fall-guard-pe/STM32Cube_FW_N6/Drivers/STM32N6xx_HAL_Driver/Src/stm32n6xx_hal_rtc_ex.c:717:19:HAL_RTCEx_DeactivateWakeUpTimer	0	static
Y:/VM/stm-workspace/fall-guard-pe/STM32Cube_FW_N6/Drivers/STM32N6xx_HAL_Driver/Src/stm32n6xx_hal_rtc_ex.c:743:10:HAL_RTCEx_GetWakeUpTimer	0	static
Y:/VM/stm-workspace/fall-guard-pe/STM32Cube_FW_N6/Drivers/STM32N6xx_HAL_Driver/Src/stm32n6xx_hal_rtc_ex.c:785:13:HAL_RTCEx_WakeUpTimerEventCallback	0	static
Y:/VM/stm-workspace/fall-guard-pe/STM32Cube_FW_N6/Drivers/STM32N6xx_HAL_Driver/Src/stm32n6xx_hal_rtc_ex.c:757:6:HAL_RTCEx_WakeUpTimerIRQHandler	8	static
Y:/VM/stm-workspace/fall-guard-pe/STM32Cube_FW_N6/Drivers/STM32N6xx_HAL_Driver/Src/stm32n6xx_hal_rtc_ex.c:801:19:HAL_RTCEx_PollForWakeUpTimerEvent	16	static
Y:/VM/stm-workspace/fall-guard-pe/STM32Cube_FW_N6/Drivers/STM32N6xx_HAL_Driver/Src/stm32n6xx_hal_rtc_ex.c:883:19:HAL_RTCEx_SetSmoothCalib	32	static
Y:/VM/stm-workspace/fall-guard-pe/STM32Cube_FW_N6/Drivers/STM32N6xx_HAL_Driver/Src/stm32n6xx_hal_rtc_ex.c:953:19:HAL_RTCEx_SetLowPowerCalib	0	static
Y:/VM/stm-workspace/fall-guard-pe/STM32Cube_FW_N6/Drivers/STM32N6xx_HAL_Driver/Src/stm32n6xx_hal_rtc_ex.c:994:19:HAL_RTCEx_SetSynchroShift	24	static
Y:/VM/stm-workspace/fall-guard-pe/STM32Cube_FW_N6/Drivers/STM32N6xx_HAL_Driver/Src/stm32n6xx_hal_rtc_ex.c:1095:19:HAL_RTCEx_SetCalibrationOutPut	0	static
Y:/VM/stm-workspace/fall-guard-pe/STM32Cube_FW_N6/Drivers/STM32N6xx_HAL_Driver/Src/stm32n6xx_hal_rtc_ex.c:1126:19:HAL_RTCEx_DeactivateCalibrationOutPut	0	static
Y:/VM/stm-workspace/fall-guard-pe/STM32Cube_FW_N6/Drivers/STM32N6xx_HAL_Driver/Src/stm32n6xx_hal_rtc_ex.c:1151:19:HAL_RTCEx_SetRefClock	16	static
Y:/VM/stm-workspace/fall-guard-pe/STM32Cube_FW_N6/Drivers/STM32N6xx_HAL_Driver/Src/stm32n6xx_hal_rtc_ex.c:1195:19:HAL_RTCEx_DeactivateRefClock	16	static
Y:/VM/stm-workspace/fall-guard-pe/STM32Cube_FW_N6/Drivers/STM32N6xx_HAL_Driver/Src/stm32n6xx_hal_rtc_ex.c:1241:19:HAL_RTCEx_EnableBypassShadow	0	static
Y:/VM/stm-workspace/fall-guard-pe/STM32Cube_FW_N6/Drivers/STM32N6xx_HAL_Driver/Src/stm32n6xx_hal_rtc_ex.c:1268:19:HAL_RTCEx_DisableBypassShadow	0	static
Y:/VM/stm-workspace/fall-guard-pe/STM32Cube_FW_N6/Drivers/STM32N6xx_HAL_Driver/Src/stm32n6xx_hal_rtc_ex.c:1296:19:HAL_RTCEx_MonotonicCounterIncrement	0	static
Y:/VM/stm-workspace/fall-guard-pe/STM32Cube_FW_N6/Drivers/STM32N6xx_HAL_Driver/Src/stm32n6xx_hal_rtc_ex.c:1318:19:HAL_RTCEx_MonotonicCounterGet	0	static
Y:/VM/stm-workspace/fall-guard-pe/STM32Cube_FW_N6/Drivers/STM32N6xx_HAL_Driver/Src/stm32n6xx_hal_rtc_ex.c:1337:19:HAL_RTCEx_SetSSRU_IT	0	static
Y:/VM/stm-workspace/fall-guard-pe/STM32Cube_FW_N6/Drivers/STM32N6xx_HAL_Driver/Src/stm32n6xx_hal_rtc_ex.c:1362:19:HAL_RTCEx_DeactivateSSRU	0	static
Y:/VM/stm-workspace/fall-guard-pe/STM32Cube_FW_N6/Drivers/STM32N6xx_HAL_Driver/Src/stm32n6xx_hal_rtc_ex.c:1418:13:HAL_RTCEx_SSRUEventCallback	0	static
Y:/VM/stm-workspace/fall-guard-pe/STM32Cube_FW_N6/Drivers/STM32N6xx_HAL_Driver/Src/stm32n6xx_hal_rtc_ex.c:1387:6:HAL_RTCEx_SSRUIRQHandler	8	static
Y:/VM/stm-workspace/fall-guard-pe/STM32Cube_FW_N6/Drivers/STM32N6xx_HAL_Driver/Src/stm32n6xx_hal_rtc_ex.c:1452:13:HAL_RTCEx_AlarmBEventCallback	0	static
Y:/VM/stm-workspace/fall-guard-pe/STM32Cube_FW_N6/Drivers/STM32N6xx_HAL_Driver/Src/stm32n6xx_hal_rtc_ex.c:1468:19:HAL_RTCEx_PollForAlarmBEvent	16	static
Y:/VM/stm-workspace/fall-guard-pe/STM32Cube_FW_N6/Drivers/STM32N6xx_HAL_Driver/Src/stm32n6xx_hal_rtc_ex.c:1538:19:HAL_RTCEx_SetTamper	16	static
Y:/VM/stm-workspace/fall-guard-pe/STM32Cube_FW_N6/Drivers/STM32N6xx_HAL_Driver/Src/stm32n6xx_hal_rtc_ex.c:1610:19:HAL_RTCEx_SetTamper_IT	12	static
Y:/VM/stm-workspace/fall-guard-pe/STM32Cube_FW_N6/Drivers/STM32N6xx_HAL_Driver/Src/stm32n6xx_hal_rtc_ex.c:1686:19:HAL_RTCEx_DeactivateTamper	0	static
Y:/VM/stm-workspace/fall-guard-pe/STM32Cube_FW_N6/Drivers/STM32N6xx_HAL_Driver/Src/stm32n6xx_hal_rtc_ex.c:1842:19:HAL_RTCEx_SetActiveSeed	16	static
Y:/VM/stm-workspace/fall-guard-pe/STM32Cube_FW_N6/Drivers/STM32N6xx_HAL_Driver/Src/stm32n6xx_hal_rtc_ex.c:1890:19:HAL_RTCEx_LockBootHardwareKey	0	static
Y:/VM/stm-workspace/fall-guard-pe/STM32Cube_FW_N6/Drivers/STM32N6xx_HAL_Driver/Src/stm32n6xx_hal_rtc_ex.c:1906:19:HAL_RTCEx_DeactivateActiveTampers	0	static
Y:/VM/stm-workspace/fall-guard-pe/STM32Cube_FW_N6/Drivers/STM32N6xx_HAL_Driver/Src/stm32n6xx_hal_rtc_ex.c:1716:19:HAL_RTCEx_SetActiveTampers	48	static
Y:/VM/stm-workspace/fall-guard-pe/STM32Cube_FW_N6/Drivers/STM32N6xx_HAL_Driver/Src/stm32n6xx_hal_rtc_ex.c:1952:19:HAL_RTCEx_PollForTamperEvent	24	static
Y:/VM/stm-workspace/fall-guard-pe/STM32Cube_FW_N6/Drivers/STM32N6xx_HAL_Driver/Src/stm32n6xx_hal_rtc_ex.c:1994:19:HAL_RTCEx_SetInternalTamper	8	static
Y:/VM/stm-workspace/fall-guard-pe/STM32Cube_FW_N6/Drivers/STM32N6xx_HAL_Driver/Src/stm32n6xx_hal_rtc_ex.c:2041:19:HAL_RTCEx_SetInternalTamper_IT	0	static
Y:/VM/stm-workspace/fall-guard-pe/STM32Cube_FW_N6/Drivers/STM32N6xx_HAL_Driver/Src/stm32n6xx_hal_rtc_ex.c:2090:19:HAL_RTCEx_DeactivateInternalTamper	0	static
Y:/VM/stm-workspace/fall-guard-pe/STM32Cube_FW_N6/Drivers/STM32N6xx_HAL_Driver/Src/stm32n6xx_hal_rtc_ex.c:2123:19:HAL_RTCEx_PollForInternalTamperEvent	0	static
Y:/VM/stm-workspace/fall-guard-pe/STM32Cube_FW_N6/Drivers/STM32N6xx_HAL_Driver/Src/stm32n6xx_hal_rtc_ex.c:2386:13:HAL_RTCEx_Tamper1EventCallback	0	static
Y:/VM/stm-workspace/fall-guard-pe/STM32Cube_FW_N6/Drivers/STM32N6xx_HAL_Driver/Src/stm32n6xx_hal_rtc_ex.c:2401:13:HAL_RTCEx_Tamper2EventCallback	0	static
Y:/VM/stm-workspace/fall-guard-pe/STM32Cube_FW_N6/Drivers/STM32N6xx_HAL_Driver/Src/stm32n6xx_hal_rtc_ex.c:2416:13:HAL_RTCEx_Tamper3EventCallback	0	static
Y:/VM/stm-workspace/fall-guard-pe/STM32Cube_FW_N6/Drivers/STM32N6xx_HAL_Driver/Src/stm32n6xx_hal_rtc_ex.c:2431:13:HAL_RTCEx_Tamper4EventCallback	0	static
Y:/VM/stm-workspace/fall-guard-pe/STM32Cube_FW_N6/Drivers/STM32N6xx_HAL_Driver/Src/stm32n6xx_hal_rtc_ex.c:2446:13:HAL_RTCEx_Tamper5EventCallback	0	static
Y:/VM/stm-workspace/fall-guard-pe/STM32Cube_FW_N6/Drivers/STM32N6xx_HAL_Driver/Src/stm32n6xx_hal_rtc_ex.c:2461:13:HAL_RTCEx_Tamper6EventCallback	0	static
Y:/VM/stm-workspace/fall-guard-pe/STM32Cube_FW_N6/Drivers/STM32N6xx_HAL_Driver/Src/stm32n6xx_hal_rtc_ex.c:2476:13:HAL_RTCEx_Tamper7EventCallback	0	static
Y:/VM/stm-workspace/fall-guard-pe/STM32Cube_FW_N6/Drivers/STM32N6xx_HAL_Driver/Src/stm32n6xx_hal_rtc_ex.c:2491:13:HAL_RTCEx_Tamper8EventCallback	0	static
Y:/VM/stm-workspace/fall-guard-pe/STM32Cube_FW_N6/Drivers/STM32N6xx_HAL_Driver/Src/stm32n6xx_hal_rtc_ex.c:2506:13:HAL_RTCEx_InternalTamper1EventCallback	0	static
Y:/VM/stm-workspace/fall-guard-pe/STM32Cube_FW_N6/Drivers/STM32N6xx_HAL_Driver/Src/stm32n6xx_hal_rtc_ex.c:2521:13:HAL_RTCEx_InternalTamper2EventCallback	0	static
Y:/VM/stm-workspace/fall-guard-pe/STM32Cube_FW_N6/Drivers/STM32N6xx_HAL_Driver/Src/stm32n6xx_hal_rtc_ex.c:2536:13:HAL_RTCEx_InternalTamper3EventCallback	0	static
Y:/VM/stm-workspace/fall-guard-pe/STM32Cube_FW_N6/Drivers/STM32N6xx_HAL_Driver/Src/stm32n6xx_hal_rtc_ex.c:2551:13:HAL_RTCEx_InternalTamper4EventCallback	0	static
Y:/VM/stm-workspace/fall-guard-pe/STM32Cube_FW_N6/Drivers/STM32N6xx_HAL_Driver/Src/stm32n6xx_hal_rtc_ex.c:2566:13:HAL_RTCEx_InternalTamper5EventCallback	0	static
Y:/VM/stm-workspace/fall-guard-pe/STM32Cube_FW_N6/Drivers/STM32N6xx_HAL_Driver/Src/stm32n6xx_hal_rtc_ex.c:2581:13:HAL_RTCEx_InternalTamper6EventCallback	0	static
Y:/VM/stm-workspace/fall-guard-pe/STM32Cube_FW_N6/Drivers/STM32N6xx_HAL_Driver/Src/stm32n6xx_hal_rtc_ex.c:2596:13:HAL_RTCEx_InternalTamper7EventCallback	0	static
Y:/VM/stm-workspace/fall-guard-pe/STM32Cube_FW_N6/Drivers/STM32N6xx_HAL_Driver/Src/stm32n6xx_hal_rtc_ex.c:2611:13:HAL_RTCEx_InternalTamper8EventCallback	0	static
Y:/VM/stm-workspace/fall-guard-pe/STM32Cube_FW_N6/Drivers/STM32N6xx_HAL_Driver/Src/stm32n6xx_hal_rtc_ex.c:2626:13:HAL_RTCEx_InternalTamper9EventCallback	0	static
Y:/VM/stm-workspace/fall-guard-pe/STM32Cube_FW_N6/Drivers/STM32N6xx_HAL_Driver/Src/stm32n6xx_hal_rtc_ex.c:2641:13:HAL_RTCEx_InternalTamper11EventCallback	0	static
Y:/VM/stm-workspace/fall-guard-pe/STM32Cube_FW_N6/Drivers/STM32N6xx_HAL_Driver/Src/stm32n6xx_hal_rtc_ex.c:2164:6:HAL_RTCEx_TamperIRQHandler	16	static
Y:/VM/stm-workspace/fall-guard-pe/STM32Cube_FW_N6/Drivers/STM32N6xx_HAL_Driver/Src/stm32n6xx_hal_rtc_ex.c:2683:6:HAL_RTCEx_BKUPWrite	0	static
Y:/VM/stm-workspace/fall-guard-pe/STM32Cube_FW_N6/Drivers/STM32N6xx_HAL_Driver/Src/stm32n6xx_hal_rtc_ex.c:2709:10:HAL_RTCEx_BKUPRead	0	static
Y:/VM/stm-workspace/fall-guard-pe/STM32Cube_FW_N6/Drivers/STM32N6xx_HAL_Driver/Src/stm32n6xx_hal_rtc_ex.c:2732:7:HAL_RTCEx_BKUPErase	0	static
Y:/VM/stm-workspace/fall-guard-pe/STM32Cube_FW_N6/Drivers/STM32N6xx_HAL_Driver/Src/stm32n6xx_hal_rtc_ex.c:2745:7:HAL_RTCEx_BKUPBlock	0	static
Y:/VM/stm-workspace/fall-guard-pe/STM32Cube_FW_N6/Drivers/STM32N6xx_HAL_Driver/Src/stm32n6xx_hal_rtc_ex.c:2758:7:HAL_RTCEx_BKUPUnblock	0	static
Y:/VM/stm-workspace/fall-guard-pe/STM32Cube_FW_N6/Drivers/STM32N6xx_HAL_Driver/Src/stm32n6xx_hal_rtc_ex.c:2777:7:HAL_RTCEx_ConfigEraseDeviceSecrets	0	static
Y:/VM/stm-workspace/fall-guard-pe/STM32Cube_FW_N6/Drivers/STM32N6xx_HAL_Driver/Src/stm32n6xx_hal_rtc_ex.c:2809:19:HAL_RTCEx_SecureModeGet	0	static
Y:/VM/stm-workspace/fall-guard-pe/STM32Cube_FW_N6/Drivers/STM32N6xx_HAL_Driver/Src/stm32n6xx_hal_rtc_ex.c:2847:19:HAL_RTCEx_SecureModeSet	0	static
Y:/VM/stm-workspace/fall-guard-pe/STM32Cube_FW_N6/Drivers/STM32N6xx_HAL_Driver/Src/stm32n6xx_hal_rtc_ex.c:2901:19:HAL_RTCEx_PrivilegeModeSet	0	static
Y:/VM/stm-workspace/fall-guard-pe/STM32Cube_FW_N6/Drivers/STM32N6xx_HAL_Driver/Src/stm32n6xx_hal_rtc_ex.c:2945:19:HAL_RTCEx_PrivilegeModeGet	8	static
