Y:/VM/stm-workspace/fall-guard-pe/STM32Cube_FW_N6/Drivers/STM32N6xx_HAL_Driver/Src/stm32n6xx_hal_rtc.c:927:13:HAL_RTC_MspInit	0	static
Y:/VM/stm-workspace/fall-guard-pe/STM32Cube_FW_N6/Drivers/STM32N6xx_HAL_Driver/Src/stm32n6xx_hal_rtc.c:942:13:HAL_RTC_MspDeInit	0	static
Y:/VM/stm-workspace/fall-guard-pe/STM32Cube_FW_N6/Drivers/STM32N6xx_HAL_Driver/Src/stm32n6xx_hal_rtc.c:1278:6:HAL_RTC_DST_Add1Hour	0	static
Y:/VM/stm-workspace/fall-guard-pe/STM32Cube_FW_N6/Drivers/STM32N6xx_HAL_Driver/Src/stm32n6xx_hal_rtc.c:1299:6:HAL_RTC_DST_Sub1Hour	0	static
Y:/VM/stm-workspace/fall-guard-pe/STM32Cube_FW_N6/Drivers/STM32N6xx_HAL_Driver/Src/stm32n6xx_hal_rtc.c:1320:6:HAL_RTC_DST_SetStoreOperation	0	static
Y:/VM/stm-workspace/fall-guard-pe/STM32Cube_FW_N6/Drivers/STM32N6xx_HAL_Driver/Src/stm32n6xx_hal_rtc.c:1334:6:HAL_RTC_DST_ClearStoreOperation	0	static
Y:/VM/stm-workspace/fall-guard-pe/STM32Cube_FW_N6/Drivers/STM32N6xx_HAL_Driver/Src/stm32n6xx_hal_rtc.c:1348:10:HAL_RTC_DST_ReadStoreOperation	0	static
Y:/VM/stm-workspace/fall-guard-pe/STM32Cube_FW_N6/Drivers/STM32N6xx_HAL_Driver/Src/stm32n6xx_hal_rtc.c:1806:19:HAL_RTC_DeactivateAlarm	0	static
Y:/VM/stm-workspace/fall-guard-pe/STM32Cube_FW_N6/Drivers/STM32N6xx_HAL_Driver/Src/stm32n6xx_hal_rtc.c:2007:13:HAL_RTC_AlarmAEventCallback	0	static
Y:/VM/stm-workspace/fall-guard-pe/STM32Cube_FW_N6/Drivers/STM32N6xx_HAL_Driver/Src/stm32n6xx_hal_rtc.c:1922:6:HAL_RTC_AlarmIRQHandler	16	static
Y:/VM/stm-workspace/fall-guard-pe/STM32Cube_FW_N6/Drivers/STM32N6xx_HAL_Driver/Src/stm32n6xx_hal_rtc.c:2023:19:HAL_RTC_PollForAlarmAEvent	16	static
Y:/VM/stm-workspace/fall-guard-pe/STM32Cube_FW_N6/Drivers/STM32N6xx_HAL_Driver/Src/stm32n6xx_hal_rtc.c:2088:19:HAL_RTC_WaitForSynchro	16	static
Y:/VM/stm-workspace/fall-guard-pe/STM32Cube_FW_N6/Drivers/STM32N6xx_HAL_Driver/Src/stm32n6xx_hal_rtc.c:2142:21:HAL_RTC_GetState	0	static
Y:/VM/stm-workspace/fall-guard-pe/STM32Cube_FW_N6/Drivers/STM32N6xx_HAL_Driver/Src/stm32n6xx_hal_rtc.c:2165:19:RTC_EnterInitMode	24	static
Y:/VM/stm-workspace/fall-guard-pe/STM32Cube_FW_N6/Drivers/STM32N6xx_HAL_Driver/Src/stm32n6xx_hal_rtc.c:2206:19:RTC_ExitInitMode	16	static
Y:/VM/stm-workspace/fall-guard-pe/STM32Cube_FW_N6/Drivers/STM32N6xx_HAL_Driver/Src/stm32n6xx_hal_rtc.c:257:19:HAL_RTC_Init	16	static
Y:/VM/stm-workspace/fall-guard-pe/STM32Cube_FW_N6/Drivers/STM32N6xx_HAL_Driver/Src/stm32n6xx_hal_rtc.c:416:19:HAL_RTC_DeInit	24	static
Y:/VM/stm-workspace/fall-guard-pe/STM32Cube_FW_N6/Drivers/STM32N6xx_HAL_Driver/Src/stm32n6xx_hal_rtc.c:2244:9:RTC_ByteToBcd2	0	static
Y:/VM/stm-workspace/fall-guard-pe/STM32Cube_FW_N6/Drivers/STM32N6xx_HAL_Driver/Src/stm32n6xx_hal_rtc.c:985:19:HAL_RTC_SetTime	24	static
Y:/VM/stm-workspace/fall-guard-pe/STM32Cube_FW_N6/Drivers/STM32N6xx_HAL_Driver/Src/stm32n6xx_hal_rtc.c:1156:19:HAL_RTC_SetDate	24	static
Y:/VM/stm-workspace/fall-guard-pe/STM32Cube_FW_N6/Drivers/STM32N6xx_HAL_Driver/Src/stm32n6xx_hal_rtc.c:1390:19:HAL_RTC_SetAlarm	40	static
Y:/VM/stm-workspace/fall-guard-pe/STM32Cube_FW_N6/Drivers/STM32N6xx_HAL_Driver/Src/stm32n6xx_hal_rtc.c:1602:19:HAL_RTC_SetAlarm_IT	40	static
Y:/VM/stm-workspace/fall-guard-pe/STM32Cube_FW_N6/Drivers/STM32N6xx_HAL_Driver/Src/stm32n6xx_hal_rtc.c:2263:9:RTC_Bcd2ToByte	0	static
Y:/VM/stm-workspace/fall-guard-pe/STM32Cube_FW_N6/Drivers/STM32N6xx_HAL_Driver/Src/stm32n6xx_hal_rtc.c:1106:19:HAL_RTC_GetTime	16	static
Y:/VM/stm-workspace/fall-guard-pe/STM32Cube_FW_N6/Drivers/STM32N6xx_HAL_Driver/Src/stm32n6xx_hal_rtc.c:1242:19:HAL_RTC_GetDate	16	static
Y:/VM/stm-workspace/fall-guard-pe/STM32Cube_FW_N6/Drivers/STM32N6xx_HAL_Driver/Src/stm32n6xx_hal_rtc.c:1856:19:HAL_RTC_GetAlarm	24	static
