Y:/VM/stm-workspace/fall-guard-pe/STM32Cube_FW_N6/Drivers/STM32N6xx_HAL_Driver/Src/stm32n6xx_hal_eth.c:1338:13:HAL_ETH_RxLinkCallback	0	static
Y:/VM/stm-workspace/fall-guard-pe/STM32Cube_FW_N6/Drivers/STM32N6xx_HAL_Driver/Src/stm32n6xx_hal_eth.c:2938:13:ETH_SetMACConfig	8	static
Y:/VM/stm-workspace/fall-guard-pe/STM32Cube_FW_N6/Drivers/STM32N6xx_HAL_Driver/Src/stm32n6xx_hal_eth.c:3005:13:ETH_SetDMAConfig	28	static
Y:/VM/stm-workspace/fall-guard-pe/STM32Cube_FW_N6/Drivers/STM32N6xx_HAL_Driver/Src/stm32n6xx_hal_eth.c:3278:17:ETH_Prepare_Tx_Descriptors	56	static,ignoring_inline_asm
Y:/VM/stm-workspace/fall-guard-pe/STM32Cube_FW_N6/Drivers/STM32N6xx_HAL_Driver/Src/stm32n6xx_hal_eth.c:1321:13:HAL_ETH_RxAllocateCallback	0	static
Y:/VM/stm-workspace/fall-guard-pe/STM32Cube_FW_N6/Drivers/STM32N6xx_HAL_Driver/Src/stm32n6xx_hal_eth.c:1201:13:ETH_UpdateDescriptor	40	static,ignoring_inline_asm
Y:/VM/stm-workspace/fall-guard-pe/STM32Cube_FW_N6/Drivers/STM32N6xx_HAL_Driver/Src/stm32n6xx_hal_eth.c:1441:13:HAL_ETH_TxFreeCallback	0	static
Y:/VM/stm-workspace/fall-guard-pe/STM32Cube_FW_N6/Drivers/STM32N6xx_HAL_Driver/Src/stm32n6xx_hal_eth.c:472:13:HAL_ETH_MspInit	0	static
Y:/VM/stm-workspace/fall-guard-pe/STM32Cube_FW_N6/Drivers/STM32N6xx_HAL_Driver/Src/stm32n6xx_hal_eth.c:487:13:HAL_ETH_MspDeInit	0	static
Y:/VM/stm-workspace/fall-guard-pe/STM32Cube_FW_N6/Drivers/STM32N6xx_HAL_Driver/Src/stm32n6xx_hal_eth.c:439:19:HAL_ETH_DeInit	8	static
Y:/VM/stm-workspace/fall-guard-pe/STM32Cube_FW_N6/Drivers/STM32N6xx_HAL_Driver/Src/stm32n6xx_hal_eth.c:722:19:HAL_ETH_Start	16	static
Y:/VM/stm-workspace/fall-guard-pe/STM32Cube_FW_N6/Drivers/STM32N6xx_HAL_Driver/Src/stm32n6xx_hal_eth.c:776:19:HAL_ETH_Start_IT	32	static
Y:/VM/stm-workspace/fall-guard-pe/STM32Cube_FW_N6/Drivers/STM32N6xx_HAL_Driver/Src/stm32n6xx_hal_eth.c:836:19:HAL_ETH_Stop	0	static
Y:/VM/stm-workspace/fall-guard-pe/STM32Cube_FW_N6/Drivers/STM32N6xx_HAL_Driver/Src/stm32n6xx_hal_eth.c:878:19:HAL_ETH_Stop_IT	12	static
Y:/VM/stm-workspace/fall-guard-pe/STM32Cube_FW_N6/Drivers/STM32N6xx_HAL_Driver/Src/stm32n6xx_hal_eth.c:947:19:HAL_ETH_Transmit	24	static,ignoring_inline_asm
Y:/VM/stm-workspace/fall-guard-pe/STM32Cube_FW_N6/Drivers/STM32N6xx_HAL_Driver/Src/stm32n6xx_hal_eth.c:1027:19:HAL_ETH_Transmit_IT	16	static,ignoring_inline_asm
Y:/VM/stm-workspace/fall-guard-pe/STM32Cube_FW_N6/Drivers/STM32N6xx_HAL_Driver/Src/stm32n6xx_hal_eth.c:1076:19:HAL_ETH_ReadData	56	static
Y:/VM/stm-workspace/fall-guard-pe/STM32Cube_FW_N6/Drivers/STM32N6xx_HAL_Driver/Src/stm32n6xx_hal_eth.c:1287:19:HAL_ETH_RegisterRxAllocateCallback	0	static
Y:/VM/stm-workspace/fall-guard-pe/STM32Cube_FW_N6/Drivers/STM32N6xx_HAL_Driver/Src/stm32n6xx_hal_eth.c:1308:19:HAL_ETH_UnRegisterRxAllocateCallback	0	static
Y:/VM/stm-workspace/fall-guard-pe/STM32Cube_FW_N6/Drivers/STM32N6xx_HAL_Driver/Src/stm32n6xx_hal_eth.c:1357:19:HAL_ETH_RegisterRxLinkCallback	0	static
Y:/VM/stm-workspace/fall-guard-pe/STM32Cube_FW_N6/Drivers/STM32N6xx_HAL_Driver/Src/stm32n6xx_hal_eth.c:1377:19:HAL_ETH_UnRegisterRxLinkCallback	0	static
Y:/VM/stm-workspace/fall-guard-pe/STM32Cube_FW_N6/Drivers/STM32N6xx_HAL_Driver/Src/stm32n6xx_hal_eth.c:1392:19:HAL_ETH_GetRxDataErrorCode	0	static
Y:/VM/stm-workspace/fall-guard-pe/STM32Cube_FW_N6/Drivers/STM32N6xx_HAL_Driver/Src/stm32n6xx_hal_eth.c:1408:19:HAL_ETH_RegisterTxFreeCallback	0	static
Y:/VM/stm-workspace/fall-guard-pe/STM32Cube_FW_N6/Drivers/STM32N6xx_HAL_Driver/Src/stm32n6xx_hal_eth.c:1428:19:HAL_ETH_UnRegisterTxFreeCallback	0	static
Y:/VM/stm-workspace/fall-guard-pe/STM32Cube_FW_N6/Drivers/STM32N6xx_HAL_Driver/Src/stm32n6xx_hal_eth.c:1456:19:HAL_ETH_ReleaseTxPacket	40	static
Y:/VM/stm-workspace/fall-guard-pe/STM32Cube_FW_N6/Drivers/STM32N6xx_HAL_Driver/Src/stm32n6xx_hal_eth.c:2168:13:HAL_ETH_TxCpltCallback	0	static
Y:/VM/stm-workspace/fall-guard-pe/STM32Cube_FW_N6/Drivers/STM32N6xx_HAL_Driver/Src/stm32n6xx_hal_eth.c:2183:13:HAL_ETH_RxCpltCallback	0	static
Y:/VM/stm-workspace/fall-guard-pe/STM32Cube_FW_N6/Drivers/STM32N6xx_HAL_Driver/Src/stm32n6xx_hal_eth.c:2198:13:HAL_ETH_ErrorCallback	0	static
Y:/VM/stm-workspace/fall-guard-pe/STM32Cube_FW_N6/Drivers/STM32N6xx_HAL_Driver/Src/stm32n6xx_hal_eth.c:2213:13:HAL_ETH_PMTCallback	0	static
Y:/VM/stm-workspace/fall-guard-pe/STM32Cube_FW_N6/Drivers/STM32N6xx_HAL_Driver/Src/stm32n6xx_hal_eth.c:2228:13:HAL_ETH_EEECallback	0	static
Y:/VM/stm-workspace/fall-guard-pe/STM32Cube_FW_N6/Drivers/STM32N6xx_HAL_Driver/Src/stm32n6xx_hal_eth.c:2243:13:HAL_ETH_WakeUpCallback	0	static
Y:/VM/stm-workspace/fall-guard-pe/STM32Cube_FW_N6/Drivers/STM32N6xx_HAL_Driver/Src/stm32n6xx_hal_eth.c:1924:6:HAL_ETH_IRQHandler	32	static
Y:/VM/stm-workspace/fall-guard-pe/STM32Cube_FW_N6/Drivers/STM32N6xx_HAL_Driver/Src/stm32n6xx_hal_eth.c:2261:19:HAL_ETH_ReadPHYRegister	16	static
Y:/VM/stm-workspace/fall-guard-pe/STM32Cube_FW_N6/Drivers/STM32N6xx_HAL_Driver/Src/stm32n6xx_hal_eth.c:2316:19:HAL_ETH_WritePHYRegister	16	static
Y:/VM/stm-workspace/fall-guard-pe/STM32Cube_FW_N6/Drivers/STM32N6xx_HAL_Driver/Src/stm32n6xx_hal_eth.c:2388:19:HAL_ETH_GetMACConfig	0	static
Y:/VM/stm-workspace/fall-guard-pe/STM32Cube_FW_N6/Drivers/STM32N6xx_HAL_Driver/Src/stm32n6xx_hal_eth.c:2453:19:HAL_ETH_GetDMAConfig	16	static
Y:/VM/stm-workspace/fall-guard-pe/STM32Cube_FW_N6/Drivers/STM32N6xx_HAL_Driver/Src/stm32n6xx_hal_eth.c:2499:19:HAL_ETH_SetMACConfig	8	static
Y:/VM/stm-workspace/fall-guard-pe/STM32Cube_FW_N6/Drivers/STM32N6xx_HAL_Driver/Src/stm32n6xx_hal_eth.c:2526:19:HAL_ETH_SetDMAConfig	8	static
Y:/VM/stm-workspace/fall-guard-pe/STM32Cube_FW_N6/Drivers/STM32N6xx_HAL_Driver/Src/stm32n6xx_hal_eth.c:2551:6:HAL_ETH_SetMDIOClockRange	16	static
Y:/VM/stm-workspace/fall-guard-pe/STM32Cube_FW_N6/Drivers/STM32N6xx_HAL_Driver/Src/stm32n6xx_hal_eth.c:314:19:HAL_ETH_Init	296	static
Y:/VM/stm-workspace/fall-guard-pe/STM32Cube_FW_N6/Drivers/STM32N6xx_HAL_Driver/Src/stm32n6xx_hal_eth.c:2619:19:HAL_ETH_SetMACFilterConfig	0	static
Y:/VM/stm-workspace/fall-guard-pe/STM32Cube_FW_N6/Drivers/STM32N6xx_HAL_Driver/Src/stm32n6xx_hal_eth.c:2653:19:HAL_ETH_GetMACFilterConfig	0	static
Y:/VM/stm-workspace/fall-guard-pe/STM32Cube_FW_N6/Drivers/STM32N6xx_HAL_Driver/Src/stm32n6xx_hal_eth.c:2690:19:HAL_ETH_SetSourceMACAddrMatch	8	static
Y:/VM/stm-workspace/fall-guard-pe/STM32Cube_FW_N6/Drivers/STM32N6xx_HAL_Driver/Src/stm32n6xx_hal_eth.c:2726:19:HAL_ETH_SetHashTable	0	static
Y:/VM/stm-workspace/fall-guard-pe/STM32Cube_FW_N6/Drivers/STM32N6xx_HAL_Driver/Src/stm32n6xx_hal_eth.c:2748:6:HAL_ETH_SetRxVLANIdentifier	0	static
Y:/VM/stm-workspace/fall-guard-pe/STM32Cube_FW_N6/Drivers/STM32N6xx_HAL_Driver/Src/stm32n6xx_hal_eth.c:2770:6:HAL_ETH_EnterPowerDownMode	12	static
Y:/VM/stm-workspace/fall-guard-pe/STM32Cube_FW_N6/Drivers/STM32N6xx_HAL_Driver/Src/stm32n6xx_hal_eth.c:2792:6:HAL_ETH_ExitPowerDownMode	0	static
Y:/VM/stm-workspace/fall-guard-pe/STM32Cube_FW_N6/Drivers/STM32N6xx_HAL_Driver/Src/stm32n6xx_hal_eth.c:2816:19:HAL_ETH_SetWakeUpFilter	0	static
Y:/VM/stm-workspace/fall-guard-pe/STM32Cube_FW_N6/Drivers/STM32N6xx_HAL_Driver/Src/stm32n6xx_hal_eth.c:2865:22:HAL_ETH_GetState	0	static
Y:/VM/stm-workspace/fall-guard-pe/STM32Cube_FW_N6/Drivers/STM32N6xx_HAL_Driver/Src/stm32n6xx_hal_eth.c:2876:10:HAL_ETH_GetError	0	static
Y:/VM/stm-workspace/fall-guard-pe/STM32Cube_FW_N6/Drivers/STM32N6xx_HAL_Driver/Src/stm32n6xx_hal_eth.c:2887:10:HAL_ETH_GetDMAError	0	static
Y:/VM/stm-workspace/fall-guard-pe/STM32Cube_FW_N6/Drivers/STM32N6xx_HAL_Driver/Src/stm32n6xx_hal_eth.c:2898:10:HAL_ETH_GetMACError	0	static
Y:/VM/stm-workspace/fall-guard-pe/STM32Cube_FW_N6/Drivers/STM32N6xx_HAL_Driver/Src/stm32n6xx_hal_eth.c:2909:10:HAL_ETH_GetMACWakeUpSource	0	static
Y:/VM/stm-workspace/fall-guard-pe/STM32Cube_FW_N6/Drivers/STM32N6xx_HAL_Driver/Src/stm32n6xx_hal_eth.c:2920:10:HAL_ETH_GetTxBuffersNumber	0	static
