Y:/VM/stm-workspace/fall-guard-pe/Lib/Camera_Middleware/sensors/cmw_vd66gy.c:47:12:CMW_VD66GY_Read16	24	static
Y:/VM/stm-workspace/fall-guard-pe/Lib/Camera_Middleware/sensors/cmw_vd66gy.c:90:13:VD6G_ShutdownPin	0	static
Y:/VM/stm-workspace/fall-guard-pe/Lib/Camera_Middleware/sensors/cmw_vd66gy.c:97:12:VD6G_Read8	4	static
Y:/VM/stm-workspace/fall-guard-pe/Lib/Camera_Middleware/sensors/cmw_vd66gy.c:104:12:VD6G_Read16	0	static
Y:/VM/stm-workspace/fall-guard-pe/Lib/Camera_Middleware/sensors/cmw_vd66gy.c:111:12:VD6G_Read32	24	static
Y:/VM/stm-workspace/fall-guard-pe/Lib/Camera_Middleware/sensors/cmw_vd66gy.c:118:12:VD6G_Write8	16	static
Y:/VM/stm-workspace/fall-guard-pe/Lib/Camera_Middleware/sensors/cmw_vd66gy.c:125:12:VD6G_Write16	16	static
Y:/VM/stm-workspace/fall-guard-pe/Lib/Camera_Middleware/sensors/cmw_vd66gy.c:132:12:VD6G_Write32	16	static
Y:/VM/stm-workspace/fall-guard-pe/Lib/Camera_Middleware/sensors/cmw_vd66gy.c:139:12:VD6G_WriteArray	32	static
Y:/VM/stm-workspace/fall-guard-pe/Lib/Camera_Middleware/sensors/cmw_vd66gy.c:159:13:VD6G_Delay	0	static
Y:/VM/stm-workspace/fall-guard-pe/Lib/Camera_Middleware/sensors/cmw_vd66gy.c:166:13:VD6G_Log	0	static
Y:/VM/stm-workspace/fall-guard-pe/Lib/Camera_Middleware/sensors/cmw_vd66gy.c:532:13:CMW_VD66GY_FrameEventCallback	0	static
Y:/VM/stm-workspace/fall-guard-pe/Lib/Camera_Middleware/sensors/cmw_vd66gy.c:361:9:CMW_VD66GY_SetGain	72	static
Y:/VM/stm-workspace/fall-guard-pe/Lib/Camera_Middleware/sensors/cmw_vd66gy.c:417:9:CMW_VD66GY_SetExposure	0	static
Y:/VM/stm-workspace/fall-guard-pe/Lib/Camera_Middleware/sensors/cmw_vd66gy.c:428:9:CMW_VD66GY_SetExposureMode	8	static
Y:/VM/stm-workspace/fall-guard-pe/Lib/Camera_Middleware/sensors/cmw_vd66gy.c:455:9:CMW_VD66GY_GetSensorInfo	56	static
Y:/VM/stm-workspace/fall-guard-pe/Lib/Camera_Middleware/sensors/cmw_vd66gy.c:323:16:CMW_VD66GY_Stop	8	static
Y:/VM/stm-workspace/fall-guard-pe/Lib/Camera_Middleware/sensors/cmw_vd66gy.c:280:16:CMW_VD66GY_Start	40	static
Y:/VM/stm-workspace/fall-guard-pe/Lib/Camera_Middleware/sensors/cmw_vd66gy.c:335:16:CMW_VD66GY_DeInit	16	static
Y:/VM/stm-workspace/fall-guard-pe/Lib/Camera_Middleware/sensors/cmw_vd66gy.c:310:16:CMW_VD66GY_Run	8	static
Y:/VM/stm-workspace/fall-guard-pe/Lib/Camera_Middleware/sensors/cmw_vd66gy.c:231:16:CMW_VD66GY_Init	72	static
Y:/VM/stm-workspace/fall-guard-pe/Lib/Camera_Middleware/sensors/cmw_vd66gy.c:512:13:CMW_VD66GY_VsyncEventCallback	8	static
Y:/VM/stm-workspace/fall-guard-pe/Lib/Camera_Middleware/sensors/cmw_vd66gy.c:536:9:VD66GY_RegisterBusIO	0	static
Y:/VM/stm-workspace/fall-guard-pe/Lib/Camera_Middleware/sensors/cmw_vd66gy.c:551:9:VD66GY_ReadID	16	static
Y:/VM/stm-workspace/fall-guard-pe/Lib/Camera_Middleware/sensors/cmw_vd66gy.c:577:5:CMW_VD66GY_Probe	24	static
