Y:/VM/stm-workspace/fall-guard-pe/Lib/Camera_Middleware/sensors/cmw_imx335.c:245:13:CMW_IMX335_FrameEventCallback	0	static
Y:/VM/stm-workspace/fall-guard-pe/Lib/Camera_Middleware/sensors/cmw_imx335.c:86:16:CMW_IMX335_ReadID	0	static
Y:/VM/stm-workspace/fall-guard-pe/Lib/Camera_Middleware/sensors/cmw_imx335.c:145:16:CMW_IMX335_SetTestPattern	0	static
Y:/VM/stm-workspace/fall-guard-pe/Lib/Camera_Middleware/sensors/cmw_imx335.c:117:16:CMW_IMX335_GetSensorInfo	8	static
Y:/VM/stm-workspace/fall-guard-pe/Lib/Camera_Middleware/sensors/cmw_imx335.c:111:16:CMW_IMX335_SetMirrorFlip	0	static
Y:/VM/stm-workspace/fall-guard-pe/Lib/Camera_Middleware/sensors/cmw_imx335.c:106:16:CMW_IMX335_SetFramerate	0	static
Y:/VM/stm-workspace/fall-guard-pe/Lib/Camera_Middleware/sensors/cmw_imx335.c:101:16:CMW_IMX335_SetFrequency	0	static
Y:/VM/stm-workspace/fall-guard-pe/Lib/Camera_Middleware/sensors/cmw_imx335.c:96:16:CMW_IMX335_SetExposure	0	static
Y:/VM/stm-workspace/fall-guard-pe/Lib/Camera_Middleware/sensors/cmw_imx335.c:91:16:CMW_IMX335_SetGain	0	static
Y:/VM/stm-workspace/fall-guard-pe/Lib/Camera_Middleware/sensors/cmw_imx335.c:200:16:CMW_IMX335_Run	8	static
Y:/VM/stm-workspace/fall-guard-pe/Lib/Camera_Middleware/sensors/cmw_imx335.c:69:16:CMW_IMX335_DeInit	8	static
Y:/VM/stm-workspace/fall-guard-pe/Lib/Camera_Middleware/sensors/cmw_imx335.c:176:16:CMW_IMX335_Start	40	static
Y:/VM/stm-workspace/fall-guard-pe/Lib/Camera_Middleware/sensors/cmw_imx335.c:150:16:CMW_IMX335_Init	16	static
Y:/VM/stm-workspace/fall-guard-pe/Lib/Camera_Middleware/sensors/cmw_imx335.c:225:13:CMW_IMX335_VsyncEventCallback	8	static
Y:/VM/stm-workspace/fall-guard-pe/Lib/Camera_Middleware/sensors/cmw_imx335.c:249:5:CMW_IMX335_Probe	24	static
