Y:/VM/stm-workspace/STM32CubeN6/Middlewares/ST/netxduo/crypto_libraries/src/nx_crypto_drbg.c:88:28:_nx_crypto_drbg_ctr_add_one	4	static
Y:/VM/stm-workspace/STM32CubeN6/Middlewares/ST/netxduo/crypto_libraries/src/nx_crypto_drbg.c:1188:28:_nx_crypto_drbg_rnd_entropy_input	24	static
Y:/VM/stm-workspace/STM32CubeN6/Middlewares/ST/netxduo/crypto_libraries/src/nx_crypto_drbg.c:744:28:_nx_crypto_drbg_block_cipher_df.isra	160	static
Y:/VM/stm-workspace/STM32CubeN6/Middlewares/ST/netxduo/crypto_libraries/src/nx_crypto_drbg.c:145:28:_nx_crypto_drbg_update.isra	136	static
Y:/VM/stm-workspace/STM32CubeN6/Middlewares/ST/netxduo/crypto_libraries/src/nx_crypto_drbg.c:276:21:_nx_crypto_drbg_instantiate	88	static
Y:/VM/stm-workspace/STM32CubeN6/Middlewares/ST/netxduo/crypto_libraries/src/nx_crypto_drbg.c:417:6:_nx_crypto_drbg_reseed	80	static
Y:/VM/stm-workspace/STM32CubeN6/Middlewares/ST/netxduo/crypto_libraries/src/nx_crypto_drbg.c:543:21:_nx_crypto_drbg_generate	160	static
Y:/VM/stm-workspace/STM32CubeN6/Middlewares/ST/netxduo/crypto_libraries/src/nx_crypto_drbg.c:966:22:_nx_crypto_method_drbg_init	0	static
Y:/VM/stm-workspace/STM32CubeN6/Middlewares/ST/netxduo/crypto_libraries/src/nx_crypto_drbg.c:1038:22:_nx_crypto_method_drbg_cleanup	0	static
Y:/VM/stm-workspace/STM32CubeN6/Middlewares/ST/netxduo/crypto_libraries/src/nx_crypto_drbg.c:1110:21:_nx_crypto_method_drbg_operation	20	static
Y:/VM/stm-workspace/STM32CubeN6/Middlewares/ST/netxduo/crypto_libraries/src/nx_crypto_drbg.c:1246:21:_nx_crypto_drbg	24	static
