Y:/VM/stm-workspace/fall-guard-pe/STM32Cube_FW_N6/Drivers/BSP/Components/rtl8211/rtl8211.c:70:9:RTL8211_Init	32	static
Y:/VM/stm-workspace/fall-guard-pe/STM32Cube_FW_N6/Drivers/BSP/Components/rtl8211/rtl8211.c:205:9:RTL8211_DeInit	8	static
Y:/VM/stm-workspace/fall-guard-pe/STM32Cube_FW_N6/Drivers/BSP/Components/rtl8211/rtl8211.c:230:10:RTL8211_RegisterBusIO	12	static
Y:/VM/stm-workspace/fall-guard-pe/STM32Cube_FW_N6/Drivers/BSP/Components/rtl8211/rtl8211.c:261:9:RTL8211_GetLinkState	24	static
Y:/VM/stm-workspace/fall-guard-pe/STM32Cube_FW_N6/Drivers/BSP/Components/rtl8211/rtl8211.c:372:9:RTL8211_SetLinkState	32	static
