Y:/VM/stm-workspace/fall-guard-pe/Src/app.c:636:12:clamp_point	8	static
Y:/VM/stm-workspace/fall-guard-pe/Src/app.c:653:13:convert_length	0	static
Y:/VM/stm-workspace/fall-guard-pe/Src/app.c:747:13:keypoint_in_region	0	static
Y:/VM/stm-workspace/fall-guard-pe/Src/app.c:1711:13:my_disconnect_func	0	static
Y:/VM/stm-workspace/fall-guard-pe/Src/app.c:1214:13:isp_thread_fct	8	static
Y:/VM/stm-workspace/fall-guard-pe/Src/app.c:2136:17:GetRtcEpoch	72	static
Y:/VM/stm-workspace/fall-guard-pe/Src/app.c:688:13:Display_binding_line	32	static
Y:/VM/stm-workspace/fall-guard-pe/Src/app.c:488:12:bqueue_init	16	static
Y:/VM/stm-workspace/fall-guard-pe/Src/app.c:2046:13:App_Link_Thread_Entry	48	static
Y:/VM/stm-workspace/fall-guard-pe/Src/app.c:1904:13:App_MQTT_Client_Thread_Entry	128	static
Y:/VM/stm-workspace/fall-guard-pe/Src/app.c:1718:13:my_notify_func	0	static
Y:/VM/stm-workspace/fall-guard-pe/Src/app.c:1800:13:time_update_callback	0	static
Y:/VM/stm-workspace/fall-guard-pe/Src/app.c:1812:13:App_SNTP_Thread_Entry	72	static
Y:/VM/stm-workspace/fall-guard-pe/Src/app.c:543:17:bqueue_get_ready	8	static
Y:/VM/stm-workspace/fall-guard-pe/Src/app.c:519:17:bqueue_get_free	8	static
Y:/VM/stm-workspace/fall-guard-pe/Src/app.c:535:13:bqueue_put_free	8	static
Y:/VM/stm-workspace/fall-guard-pe/Src/app.c:1113:13:pp_thread_fct	88	static
Y:/VM/stm-workspace/fall-guard-pe/Src/app.c:557:13:bqueue_put_ready	8	static
Y:/VM/stm-workspace/fall-guard-pe/Src/app.c:1050:13:nn_thread_fct	48	static,ignoring_inline_asm
Y:/VM/stm-workspace/fall-guard-pe/Src/app.c:1631:13:ip_address_change_notify_callback	8	static
Y:/VM/stm-workspace/fall-guard-pe/Src/app.c:1651:13:nx_app_thread_entry	16	static
Y:/VM/stm-workspace/fall-guard-pe/Src/app.c:1188:13:dp_thread_fct	552	static,ignoring_inline_asm
Y:/VM/stm-workspace/fall-guard-pe/Src/app.c:414:5:parse_ld2410_frame	24	static
Y:/VM/stm-workspace/fall-guard-pe/Src/app.c:1344:13:ld2410_thread_entry	32	static
Y:/VM/stm-workspace/fall-guard-pe/Src/app.c:1226:19:TSL2561_Init	32	static
Y:/VM/stm-workspace/fall-guard-pe/Src/app.c:1242:6:I2C_ScanBus	16	static
Y:/VM/stm-workspace/fall-guard-pe/Src/app.c:1254:19:TSL2561_ReadData	40	static
Y:/VM/stm-workspace/fall-guard-pe/Src/app.c:1276:6:TSL2561_IsConnected	8	static
Y:/VM/stm-workspace/fall-guard-pe/Src/app.c:1295:7:TSL2561_CalculateLux	16	static
Y:/VM/stm-workspace/fall-guard-pe/Src/app.c:1311:13:App_TSL2561_Thread_Entry	32	static
Y:/VM/stm-workspace/fall-guard-pe/Src/app.c:1476:5:CMW_CAMERA_PIPE_FrameEventCallback	32	static
Y:/VM/stm-workspace/fall-guard-pe/Src/app.c:1486:5:CMW_CAMERA_PIPE_VsyncEventCallback	8	static
Y:/VM/stm-workspace/fall-guard-pe/Src/app.c:1498:6:MX_NetXDuo_Init	64	static
Y:/VM/stm-workspace/fall-guard-pe/Src/app.c:1376:6:app_run	96	static,ignoring_inline_asm
Y:/VM/stm-workspace/fall-guard-pe/Src/app.c:1894:6:mqtt_client_is_connected	0	static
