Y:/VM/stm-workspace/fall-guard-pe/Src/app.c:576:12:clamp_point	8	static
Y:/VM/stm-workspace/fall-guard-pe/Src/app.c:593:13:convert_length	0	static
Y:/VM/stm-workspace/fall-guard-pe/Src/app.c:1483:13:my_disconnect_func	0	static
Y:/VM/stm-workspace/fall-guard-pe/Src/app.c:998:13:isp_thread_fct	8	static
Y:/VM/stm-workspace/fall-guard-pe/Src/app.c:1901:17:GetRtcEpoch	72	static
Y:/VM/stm-workspace/fall-guard-pe/Src/app.c:628:13:Display_binding_line	32	static
Y:/VM/stm-workspace/fall-guard-pe/Src/app.c:428:12:bqueue_init	16	static
Y:/VM/stm-workspace/fall-guard-pe/Src/app.c:1808:13:App_Link_Thread_Entry	48	static
Y:/VM/stm-workspace/fall-guard-pe/Src/app.c:1676:13:App_MQTT_Client_Thread_Entry	112	static
Y:/VM/stm-workspace/fall-guard-pe/Src/app.c:1490:13:my_notify_func	0	static
Y:/VM/stm-workspace/fall-guard-pe/Src/app.c:1572:13:time_update_callback	0	static
Y:/VM/stm-workspace/fall-guard-pe/Src/app.c:1584:13:App_SNTP_Thread_Entry	72	static
Y:/VM/stm-workspace/fall-guard-pe/Src/app.c:483:17:bqueue_get_ready	8	static
Y:/VM/stm-workspace/fall-guard-pe/Src/app.c:459:17:bqueue_get_free	8	static
Y:/VM/stm-workspace/fall-guard-pe/Src/app.c:475:13:bqueue_put_free	8	static
Y:/VM/stm-workspace/fall-guard-pe/Src/app.c:897:13:pp_thread_fct	88	static
Y:/VM/stm-workspace/fall-guard-pe/Src/app.c:497:13:bqueue_put_ready	8	static
Y:/VM/stm-workspace/fall-guard-pe/Src/app.c:834:13:nn_thread_fct	48	static,ignoring_inline_asm
Y:/VM/stm-workspace/fall-guard-pe/Src/app.c:1387:13:ip_address_change_notify_callback	8	static
Y:/VM/stm-workspace/fall-guard-pe/Src/app.c:1407:13:nx_app_thread_entry	16	static
Y:/VM/stm-workspace/fall-guard-pe/Src/app.c:972:13:dp_thread_fct	456	static,ignoring_inline_asm
Y:/VM/stm-workspace/fall-guard-pe/Src/app.c:354:5:parse_ld2410_frame	24	static
Y:/VM/stm-workspace/fall-guard-pe/Src/app.c:1010:19:TSL2561_Init	32	static
Y:/VM/stm-workspace/fall-guard-pe/Src/app.c:1026:19:TSL2561_ReadData	40	static
Y:/VM/stm-workspace/fall-guard-pe/Src/app.c:1048:6:TSL2561_IsConnected	8	static
Y:/VM/stm-workspace/fall-guard-pe/Src/app.c:1067:7:TSL2561_CalculateLux	16	static
Y:/VM/stm-workspace/fall-guard-pe/Src/app.c:1083:13:App_TSL2561_Thread_Entry	24	static
Y:/VM/stm-workspace/fall-guard-pe/Src/app.c:1232:5:CMW_CAMERA_PIPE_FrameEventCallback	32	static
Y:/VM/stm-workspace/fall-guard-pe/Src/app.c:1242:5:CMW_CAMERA_PIPE_VsyncEventCallback	8	static
Y:/VM/stm-workspace/fall-guard-pe/Src/app.c:1254:6:MX_NetXDuo_Init	64	static
Y:/VM/stm-workspace/fall-guard-pe/Src/app.c:1134:6:app_run	96	static,ignoring_inline_asm
Y:/VM/stm-workspace/fall-guard-pe/Src/app.c:1666:6:mqtt_client_is_connected	0	static
