Y:/VM/stm-workspace/fall-guard-pe/Src/app.c:612:12:clamp_point	8	static
Y:/VM/stm-workspace/fall-guard-pe/Src/app.c:629:13:convert_length	0	static
Y:/VM/stm-workspace/fall-guard-pe/Src/app.c:1605:13:my_disconnect_func	0	static
Y:/VM/stm-workspace/fall-guard-pe/Src/app.c:1092:13:isp_thread_fct	8	static
Y:/VM/stm-workspace/fall-guard-pe/Src/app.c:2045:17:GetRtcEpoch	72	static
Y:/VM/stm-workspace/fall-guard-pe/Src/app.c:664:13:Display_binding_line	32	static
Y:/VM/stm-workspace/fall-guard-pe/Src/app.c:464:12:bqueue_init	16	static
Y:/VM/stm-workspace/fall-guard-pe/Src/app.c:1952:13:App_Link_Thread_Entry	48	static
Y:/VM/stm-workspace/fall-guard-pe/Src/app.c:1798:13:App_MQTT_Client_Thread_Entry	128	static
Y:/VM/stm-workspace/fall-guard-pe/Src/app.c:1612:13:my_notify_func	0	static
Y:/VM/stm-workspace/fall-guard-pe/Src/app.c:1694:13:time_update_callback	0	static
Y:/VM/stm-workspace/fall-guard-pe/Src/app.c:1706:13:App_SNTP_Thread_Entry	72	static
Y:/VM/stm-workspace/fall-guard-pe/Src/app.c:519:17:bqueue_get_ready	8	static
Y:/VM/stm-workspace/fall-guard-pe/Src/app.c:495:17:bqueue_get_free	8	static
Y:/VM/stm-workspace/fall-guard-pe/Src/app.c:511:13:bqueue_put_free	8	static
Y:/VM/stm-workspace/fall-guard-pe/Src/app.c:991:13:pp_thread_fct	88	static
Y:/VM/stm-workspace/fall-guard-pe/Src/app.c:533:13:bqueue_put_ready	8	static
Y:/VM/stm-workspace/fall-guard-pe/Src/app.c:928:13:nn_thread_fct	48	static,ignoring_inline_asm
Y:/VM/stm-workspace/fall-guard-pe/Src/app.c:1509:13:ip_address_change_notify_callback	8	static
Y:/VM/stm-workspace/fall-guard-pe/Src/app.c:1529:13:nx_app_thread_entry	16	static
Y:/VM/stm-workspace/fall-guard-pe/Src/app.c:1066:13:dp_thread_fct	456	static,ignoring_inline_asm
Y:/VM/stm-workspace/fall-guard-pe/Src/app.c:390:5:parse_ld2410_frame	24	static
Y:/VM/stm-workspace/fall-guard-pe/Src/app.c:1222:13:ld2410_thread_entry	32	static
Y:/VM/stm-workspace/fall-guard-pe/Src/app.c:1104:19:TSL2561_Init	32	static
Y:/VM/stm-workspace/fall-guard-pe/Src/app.c:1120:6:I2C_ScanBus	16	static
Y:/VM/stm-workspace/fall-guard-pe/Src/app.c:1132:19:TSL2561_ReadData	40	static
Y:/VM/stm-workspace/fall-guard-pe/Src/app.c:1154:6:TSL2561_IsConnected	8	static
Y:/VM/stm-workspace/fall-guard-pe/Src/app.c:1173:7:TSL2561_CalculateLux	16	static
Y:/VM/stm-workspace/fall-guard-pe/Src/app.c:1189:13:App_TSL2561_Thread_Entry	32	static
Y:/VM/stm-workspace/fall-guard-pe/Src/app.c:1354:5:CMW_CAMERA_PIPE_FrameEventCallback	32	static
Y:/VM/stm-workspace/fall-guard-pe/Src/app.c:1364:5:CMW_CAMERA_PIPE_VsyncEventCallback	8	static
Y:/VM/stm-workspace/fall-guard-pe/Src/app.c:1376:6:MX_NetXDuo_Init	64	static
Y:/VM/stm-workspace/fall-guard-pe/Src/app.c:1254:6:app_run	96	static,ignoring_inline_asm
Y:/VM/stm-workspace/fall-guard-pe/Src/app.c:1788:6:mqtt_client_is_connected	0	static
