../../STM32Cube_FW_N6/Drivers/STM32N6xx_HAL_Driver/Inc/stm32n6xx_ll_bus.h:679:22:LL_MEM_EnableClock	8	static
../../STM32Cube_FW_N6/Drivers/STM32N6xx_HAL_Driver/Inc/stm32n6xx_ll_bus.h:1407:22:LL_AHB4_GRP1_EnableClock	8	static
Y:/VM/stm-workspace/fall-guard-pe/Src/main.c:236:13:SystemClock_Config	632	static
Y:/VM/stm-workspace/fall-guard-pe/Src/main.c:645:13:RISAF_Config	24	static
Y:/VM/stm-workspace/fall-guard-pe/Src/main.c:503:13:main_thread_fct	120	static
Y:/VM/stm-workspace/fall-guard-pe/Src/main.c:119:6:Success_Handler	8	static
Y:/VM/stm-workspace/fall-guard-pe/Src/main.c:160:6:tx_application_define	40	static
Y:/VM/stm-workspace/fall-guard-pe/Src/main.c:229:6:IAC_IRQHandler	0	static
Y:/VM/stm-workspace/fall-guard-pe/Src/main.c:550:19:MX_DCMIPP_ClockConfig	408	static
Y:/VM/stm-workspace/fall-guard-pe/Src/main.c:573:6:HAL_CACHEAXI_MspInit	16	static
Y:/VM/stm-workspace/fall-guard-pe/Src/main.c:581:6:HAL_CACHEAXI_MspDeInit	0	static
Y:/VM/stm-workspace/fall-guard-pe/Src/main.c:588:6:MPU_Config	40	static,ignoring_inline_asm
Y:/VM/stm-workspace/fall-guard-pe/Src/main.c:666:6:HAL_TIM_PeriodElapsedCallback	0	static
Y:/VM/stm-workspace/fall-guard-pe/Src/main.c:677:6:Error_Handler	8	static
Y:/VM/stm-workspace/fall-guard-pe/Src/main.c:129:5:main	184	static,ignoring_inline_asm
Y:/VM/stm-workspace/fall-guard-pe/Src/main.c:711:45:app_clean_invalidate_dbg	16	static,ignoring_inline_asm
