../../STM32Cube_FW_N6/Drivers/STM32N6xx_HAL_Driver/Inc/stm32n6xx_ll_bus.h:679:22:LL_MEM_EnableClock	1
../../STM32Cube_FW_N6/Drivers/STM32N6xx_HAL_Driver/Inc/stm32n6xx_ll_bus.h:1407:22:LL_AHB4_GRP1_EnableClock	1
Y:/VM/stm-workspace/fall-guard-pe/Src/main.c:256:13:SystemClock_Config	4
Y:/VM/stm-workspace/fall-guard-pe/Src/main.c:500:13:main_thread_fct	2
Y:/VM/stm-workspace/fall-guard-pe/Src/main.c:138:6:Success_Handler	1
Y:/VM/stm-workspace/fall-guard-pe/Src/main.c:180:6:tx_application_define	1
Y:/VM/stm-workspace/fall-guard-pe/Src/main.c:249:6:IAC_IRQHandler	1
Y:/VM/stm-workspace/fall-guard-pe/Src/main.c:547:19:MX_DCMIPP_ClockConfig	2
Y:/VM/stm-workspace/fall-guard-pe/Src/main.c:570:6:HAL_CACHEAXI_MspInit	1
Y:/VM/stm-workspace/fall-guard-pe/Src/main.c:578:6:HAL_CACHEAXI_MspDeInit	1
Y:/VM/stm-workspace/fall-guard-pe/Src/main.c:585:6:MPU_Config	1
Y:/VM/stm-workspace/fall-guard-pe/Src/main.c:663:6:HAL_TIM_PeriodElapsedCallback	2
Y:/VM/stm-workspace/fall-guard-pe/Src/main.c:674:6:Error_Handler	1
Y:/VM/stm-workspace/fall-guard-pe/Src/main.c:153:5:main	5
Y:/VM/stm-workspace/fall-guard-pe/Src/main.c:708:45:app_clean_invalidate_dbg	3
