Y:/VM/stm-workspace/fall-guard-pe/Src/stm32n6xx_it.c:31:6:NMI_Handler	0	static
Y:/VM/stm-workspace/fall-guard-pe/Src/stm32n6xx_it.c:40:6:MemManage_Handler	0	static
Y:/VM/stm-workspace/fall-guard-pe/Src/stm32n6xx_it.c:53:6:BusFault_Handler	0	static
Y:/VM/stm-workspace/fall-guard-pe/Src/stm32n6xx_it.c:66:6:SecureFault_Handler	0	static
Y:/VM/stm-workspace/fall-guard-pe/Src/stm32n6xx_it.c:79:6:SVC_Handler	0	static
Y:/VM/stm-workspace/fall-guard-pe/Src/stm32n6xx_it.c:88:6:DebugMon_Handler	0	static
Y:/VM/stm-workspace/fall-guard-pe/Src/stm32n6xx_it.c:102:6:CSI_IRQHandler	8	static
Y:/VM/stm-workspace/fall-guard-pe/Src/stm32n6xx_it.c:107:6:DCMIPP_IRQHandler	8	static
Y:/VM/stm-workspace/fall-guard-pe/Src/stm32n6xx_it.c:114:6:TIM6_IRQHandler	0	static
Y:/VM/stm-workspace/fall-guard-pe/Src/stm32n6xx_it.c:127:6:ETH1_IRQHandler	0	static
