../../STM32Cube_FW_N6/Drivers/STM32N6xx_HAL_Driver/Inc/stm32n6xx_ll_bus.h:1407:22:LL_AHB4_GRP1_EnableClock	8	static
Y:/VM/stm-workspace/fall-guard-pe/Src/stm32n6xx_hal_msp.c:63:6:HAL_MspInit	8	static
Y:/VM/stm-workspace/fall-guard-pe/Src/stm32n6xx_hal_msp.c:84:6:HAL_ETH_MspInit	56	static
Y:/VM/stm-workspace/fall-guard-pe/Src/stm32n6xx_hal_msp.c:164:6:HAL_ETH_MspDeInit	8	static
Y:/VM/stm-workspace/fall-guard-pe/Src/stm32n6xx_hal_msp.c:206:6:HAL_RNG_MspInit	568	static
Y:/VM/stm-workspace/fall-guard-pe/Src/stm32n6xx_hal_msp.c:242:6:HAL_RNG_MspDeInit	0	static
Y:/VM/stm-workspace/fall-guard-pe/Src/stm32n6xx_hal_msp.c:264:6:HAL_UART_MspInit	440	static
Y:/VM/stm-workspace/fall-guard-pe/Src/stm32n6xx_hal_msp.c:338:6:HAL_UART_MspDeInit	8	static
Y:/VM/stm-workspace/fall-guard-pe/Src/stm32n6xx_hal_msp.c:379:6:HAL_I2C_MspInit	440	static
Y:/VM/stm-workspace/fall-guard-pe/Src/stm32n6xx_hal_msp.c:434:6:HAL_I2C_MspDeInit	8	static
